Archive member included to satisfy reference by file (symbol)

/home/janhenrik/programme/gcc-arm-none-eabi-7-2018-q2-update/bin/../lib/gcc/arm-none-eabi/7.3.1/../../../../arm-none-eabi/lib/thumb/v6-m/libc_nano.a(lib_a-exit.o)
                              /home/janhenrik/programme/gcc-arm-none-eabi-7-2018-q2-update/bin/../lib/gcc/arm-none-eabi/7.3.1/../../../../arm-none-eabi/lib/thumb/v6-m/crt0.o (exit)
/home/janhenrik/programme/gcc-arm-none-eabi-7-2018-q2-update/bin/../lib/gcc/arm-none-eabi/7.3.1/../../../../arm-none-eabi/lib/thumb/v6-m/libc_nano.a(lib_a-impure.o)
                              /home/janhenrik/programme/gcc-arm-none-eabi-7-2018-q2-update/bin/../lib/gcc/arm-none-eabi/7.3.1/../../../../arm-none-eabi/lib/thumb/v6-m/libc_nano.a(lib_a-exit.o) (_global_impure_ptr)
/home/janhenrik/programme/gcc-arm-none-eabi-7-2018-q2-update/bin/../lib/gcc/arm-none-eabi/7.3.1/../../../../arm-none-eabi/lib/thumb/v6-m/libc_nano.a(lib_a-init.o)
                              /home/janhenrik/programme/gcc-arm-none-eabi-7-2018-q2-update/bin/../lib/gcc/arm-none-eabi/7.3.1/../../../../arm-none-eabi/lib/thumb/v6-m/crt0.o (__libc_init_array)
/home/janhenrik/programme/gcc-arm-none-eabi-7-2018-q2-update/bin/../lib/gcc/arm-none-eabi/7.3.1/../../../../arm-none-eabi/lib/thumb/v6-m/libc_nano.a(lib_a-memcpy-stub.o)
                              build/main.o (memcpy)
/home/janhenrik/programme/gcc-arm-none-eabi-7-2018-q2-update/bin/../lib/gcc/arm-none-eabi/7.3.1/../../../../arm-none-eabi/lib/thumb/v6-m/libc_nano.a(lib_a-memset.o)
                              /home/janhenrik/programme/gcc-arm-none-eabi-7-2018-q2-update/bin/../lib/gcc/arm-none-eabi/7.3.1/../../../../arm-none-eabi/lib/thumb/v6-m/crt0.o (memset)
/home/janhenrik/programme/gcc-arm-none-eabi-7-2018-q2-update/bin/../lib/gcc/arm-none-eabi/7.3.1/../../../../arm-none-eabi/lib/thumb/v6-m/libc_nano.a(lib_a-sprintf.o)
                              build/main.o (sprintf)
/home/janhenrik/programme/gcc-arm-none-eabi-7-2018-q2-update/bin/../lib/gcc/arm-none-eabi/7.3.1/../../../../arm-none-eabi/lib/thumb/v6-m/libc_nano.a(lib_a-nano-svfprintf.o)
                              /home/janhenrik/programme/gcc-arm-none-eabi-7-2018-q2-update/bin/../lib/gcc/arm-none-eabi/7.3.1/../../../../arm-none-eabi/lib/thumb/v6-m/libc_nano.a(lib_a-sprintf.o) (_svfprintf_r)
/home/janhenrik/programme/gcc-arm-none-eabi-7-2018-q2-update/bin/../lib/gcc/arm-none-eabi/7.3.1/../../../../arm-none-eabi/lib/thumb/v6-m/libc_nano.a(lib_a-nano-vfprintf_i.o)
                              /home/janhenrik/programme/gcc-arm-none-eabi-7-2018-q2-update/bin/../lib/gcc/arm-none-eabi/7.3.1/../../../../arm-none-eabi/lib/thumb/v6-m/libc_nano.a(lib_a-nano-svfprintf.o) (_printf_i)
/home/janhenrik/programme/gcc-arm-none-eabi-7-2018-q2-update/bin/../lib/gcc/arm-none-eabi/7.3.1/../../../../arm-none-eabi/lib/thumb/v6-m/libc_nano.a(lib_a-memchr-stub.o)
                              /home/janhenrik/programme/gcc-arm-none-eabi-7-2018-q2-update/bin/../lib/gcc/arm-none-eabi/7.3.1/../../../../arm-none-eabi/lib/thumb/v6-m/libc_nano.a(lib_a-nano-svfprintf.o) (memchr)
/home/janhenrik/programme/gcc-arm-none-eabi-7-2018-q2-update/bin/../lib/gcc/arm-none-eabi/7.3.1/../../../../arm-none-eabi/lib/thumb/v6-m/libc_nano.a(lib_a-memmove.o)
                              /home/janhenrik/programme/gcc-arm-none-eabi-7-2018-q2-update/bin/../lib/gcc/arm-none-eabi/7.3.1/../../../../arm-none-eabi/lib/thumb/v6-m/libc_nano.a(lib_a-nano-svfprintf.o) (memmove)
/home/janhenrik/programme/gcc-arm-none-eabi-7-2018-q2-update/bin/../lib/gcc/arm-none-eabi/7.3.1/../../../../arm-none-eabi/lib/thumb/v6-m/libc_nano.a(lib_a-nano-freer.o)
                              /home/janhenrik/programme/gcc-arm-none-eabi-7-2018-q2-update/bin/../lib/gcc/arm-none-eabi/7.3.1/../../../../arm-none-eabi/lib/thumb/v6-m/libc_nano.a(lib_a-nano-svfprintf.o) (_free_r)
/home/janhenrik/programme/gcc-arm-none-eabi-7-2018-q2-update/bin/../lib/gcc/arm-none-eabi/7.3.1/../../../../arm-none-eabi/lib/thumb/v6-m/libc_nano.a(lib_a-nano-mallocr.o)
                              /home/janhenrik/programme/gcc-arm-none-eabi-7-2018-q2-update/bin/../lib/gcc/arm-none-eabi/7.3.1/../../../../arm-none-eabi/lib/thumb/v6-m/libc_nano.a(lib_a-nano-svfprintf.o) (_malloc_r)
/home/janhenrik/programme/gcc-arm-none-eabi-7-2018-q2-update/bin/../lib/gcc/arm-none-eabi/7.3.1/../../../../arm-none-eabi/lib/thumb/v6-m/libc_nano.a(lib_a-nano-reallocr.o)
                              /home/janhenrik/programme/gcc-arm-none-eabi-7-2018-q2-update/bin/../lib/gcc/arm-none-eabi/7.3.1/../../../../arm-none-eabi/lib/thumb/v6-m/libc_nano.a(lib_a-nano-svfprintf.o) (_realloc_r)
/home/janhenrik/programme/gcc-arm-none-eabi-7-2018-q2-update/bin/../lib/gcc/arm-none-eabi/7.3.1/../../../../arm-none-eabi/lib/thumb/v6-m/libc_nano.a(lib_a-sbrkr.o)
                              /home/janhenrik/programme/gcc-arm-none-eabi-7-2018-q2-update/bin/../lib/gcc/arm-none-eabi/7.3.1/../../../../arm-none-eabi/lib/thumb/v6-m/libc_nano.a(lib_a-nano-mallocr.o) (_sbrk_r)
[...]
Memory Configuration

Name             Origin             Length             Attributes
RAM              0x0000000020000000 0x0000000000004000 xrw
FLASH            0x0000000008000000 0x0000000000020000 xr
*default*        0x0000000000000000 0xffffffffffffffff

Linker script and memory map

LOAD /home/janhenrik/programme/gcc-arm-none-eabi-7-2018-q2-update/bin/../lib/gcc/arm-none-eabi/7.3.1/thumb/v6-m/crti.o
LOAD /home/janhenrik/programme/gcc-arm-none-eabi-7-2018-q2-update/bin/../lib/gcc/arm-none-eabi/7.3.1/thumb/v6-m/crtbegin.o
LOAD /home/janhenrik/programme/gcc-arm-none-eabi-7-2018-q2-update/bin/../lib/gcc/arm-none-eabi/7.3.1/../../../../arm-none-eabi/lib/thumb/v6-m/crt0.o
LOAD build/main.o
LOAD build/stm32f0xx_it.o
LOAD build/stm32f0xx_hal_msp.o
LOAD build/stm32f0xx_hal_adc.o
LOAD build/stm32f0xx_hal_adc_ex.o
LOAD build/stm32f0xx_hal_i2c.o
LOAD build/stm32f0xx_hal_i2c_ex.o
LOAD build/stm32f0xx_hal_tim.o
LOAD build/stm32f0xx_hal_tim_ex.o
LOAD build/stm32f0xx_hal_pcd.o
LOAD build/stm32f0xx_hal_pcd_ex.o
LOAD build/stm32f0xx_hal_rcc.o
LOAD build/stm32f0xx_hal_rcc_ex.o
LOAD build/stm32f0xx_hal.o
LOAD build/stm32f0xx_hal_gpio.o
LOAD build/stm32f0xx_hal_dma.o
LOAD build/stm32f0xx_hal_cortex.o
LOAD build/stm32f0xx_hal_pwr.o
LOAD build/stm32f0xx_hal_pwr_ex.o
LOAD build/stm32f0xx_hal_flash.o
LOAD build/stm32f0xx_hal_flash_ex.o
LOAD build/system_stm32f0xx.o
LOAD build/startup_stm32f072xb.o
LOAD /home/janhenrik/programme/gcc-arm-none-eabi-7-2018-q2-update/bin/../lib/gcc/arm-none-eabi/7.3.1/../../../../arm-none-eabi/lib/thumb/v6-m/libc_nano.a
LOAD /home/janhenrik/programme/gcc-arm-none-eabi-7-2018-q2-update/bin/../lib/gcc/arm-none-eabi/7.3.1/../../../../arm-none-eabi/lib/thumb/v6-m/libm.a
LOAD /home/janhenrik/programme/gcc-arm-none-eabi-7-2018-q2-update/bin/../lib/gcc/arm-none-eabi/7.3.1/../../../../arm-none-eabi/lib/thumb/v6-m/libnosys.a
START GROUP
LOAD /home/janhenrik/programme/gcc-arm-none-eabi-7-2018-q2-update/bin/../lib/gcc/arm-none-eabi/7.3.1/thumb/v6-m/libgcc.a
LOAD /home/janhenrik/programme/gcc-arm-none-eabi-7-2018-q2-update/bin/../lib/gcc/arm-none-eabi/7.3.1/../../../../arm-none-eabi/lib/thumb/v6-m/libc_nano.a
END GROUP
START GROUP
LOAD /home/janhenrik/programme/gcc-arm-none-eabi-7-2018-q2-update/bin/../lib/gcc/arm-none-eabi/7.3.1/thumb/v6-m/libgcc.a
LOAD /home/janhenrik/programme/gcc-arm-none-eabi-7-2018-q2-update/bin/../lib/gcc/arm-none-eabi/7.3.1/../../../../arm-none-eabi/lib/thumb/v6-m/libc_nano.a
END GROUP
LOAD /home/janhenrik/programme/gcc-arm-none-eabi-7-2018-q2-update/bin/../lib/gcc/arm-none-eabi/7.3.1/thumb/v6-m/crtend.o
LOAD /home/janhenrik/programme/gcc-arm-none-eabi-7-2018-q2-update/bin/../lib/gcc/arm-none-eabi/7.3.1/thumb/v6-m/crtn.o
                0x0000000020004000                _estack = 0x20004000
                0x0000000000000200                _Min_Heap_Size = 0x200
                0x0000000000000400                _Min_Stack_Size = 0x400

.isr_vector     0x0000000008000000       0xc0
                0x0000000008000000                . = ALIGN (0x4)
 *(.isr_vector)
 .isr_vector    0x0000000008000000       0xc0 build/startup_stm32f072xb.o
                0x0000000008000000                g_pfnVectors
                0x00000000080000c0                . = ALIGN (0x4)

.text           0x00000000080000c0     0x5ab0
                0x00000000080000c0                . = ALIGN (0x4)
 *(.text)
 .text          0x00000000080000c0       0x48 /home/janhenrik/programme/gcc-arm-none-eabi-7-2018-q2-update/bin/../lib/gcc/arm-none-eabi/7.3.1/thumb/v6-m/crtbegin.o
 .text          0x0000000008000108      0x114 /home/janhenrik/programme/gcc-arm-none-eabi-7-2018-q2-update/bin/../lib/gcc/arm-none-eabi/7.3.1/thumb/v6-m/libgcc.a(_udivsi3.o)
                0x0000000008000108                __udivsi3
                0x0000000008000108                __aeabi_uidiv
                0x0000000008000214                __aeabi_uidivmod
 .text          0x000000000800021c        0x4 /home/janhenrik/programme/gcc-arm-none-eabi-7-2018-q2-update/bin/../lib/gcc/arm-none-eabi/7.3.1/thumb/v6-m/libgcc.a(_dvmd_tls.o)
                0x000000000800021c                __aeabi_ldiv0
                0x000000000800021c                __aeabi_idiv0
 .text          0x0000000008000220       0x74 /home/janhenrik/programme/gcc-arm-none-eabi-7-2018-q2-update/bin/../lib/gcc/arm-none-eabi/7.3.1/thumb/v6-m/libgcc.a(_arm_cmpsf2.o)
                0x0000000008000220                __aeabi_cfrcmple
                0x0000000008000228                __aeabi_cfcmple
                0x0000000008000228                __aeabi_cfcmpeq
                0x0000000008000238                __aeabi_fcmpeq
                0x0000000008000244                __aeabi_fcmplt
                0x0000000008000258                __aeabi_fcmple
                0x000000000800026c                __aeabi_fcmpgt
                0x0000000008000280                __aeabi_fcmpge
 .text          0x0000000008000294       0x30 /home/janhenrik/programme/gcc-arm-none-eabi-7-2018-q2-update/bin/../lib/gcc/arm-none-eabi/7.3.1/thumb/v6-m/libgcc.a(_fixunssfsi.o)
                0x0000000008000294                __aeabi_f2uiz
                0x0000000008000294                __fixunssfsi
 .text          0x00000000080002c4      0x334 /home/janhenrik/programme/gcc-arm-none-eabi-7-2018-q2-update/bin/../lib/gcc/arm-none-eabi/7.3.1/thumb/v6-m/libgcc.a(addsf3.o)
                0x00000000080002c4                __aeabi_fadd
 .text          0x00000000080005f8      0x224 /home/janhenrik/programme/gcc-arm-none-eabi-7-2018-q2-update/bin/../lib/gcc/arm-none-eabi/7.3.1/thumb/v6-m/libgcc.a(divsf3.o)
                0x00000000080005f8                __aeabi_fdiv
 .text          0x000000000800081c       0x50 /home/janhenrik/programme/gcc-arm-none-eabi-7-2018-q2-update/bin/../lib/gcc/arm-none-eabi/7.3.1/thumb/v6-m/libgcc.a(eqsf2.o)
                0x000000000800081c                __nesf2
                0x000000000800081c                __eqsf2
 .text          0x000000000800086c       0x9c /home/janhenrik/programme/gcc-arm-none-eabi-7-2018-q2-update/bin/../lib/gcc/arm-none-eabi/7.3.1/thumb/v6-m/libgcc.a(gesf2.o)
                0x000000000800086c                __gtsf2
                0x000000000800086c                __gesf2
 .text          0x0000000008000908       0xa0 /home/janhenrik/programme/gcc-arm-none-eabi-7-2018-q2-update/bin/../lib/gcc/arm-none-eabi/7.3.1/thumb/v6-m/libgcc.a(lesf2.o)
                0x0000000008000908                __lesf2
                0x0000000008000908                __ltsf2
 .text          0x00000000080009a8      0x264 /home/janhenrik/programme/gcc-arm-none-eabi-7-2018-q2-update/bin/../lib/gcc/arm-none-eabi/7.3.1/thumb/v6-m/libgcc.a(mulsf3.o)
                0x00000000080009a8                __aeabi_fmul
 .text          0x0000000008000c0c      0x388 /home/janhenrik/programme/gcc-arm-none-eabi-7-2018-q2-update/bin/../lib/gcc/arm-none-eabi/7.3.1/thumb/v6-m/libgcc.a(subsf3.o)
                0x0000000008000c0c                __aeabi_fsub
 .text          0x0000000008000f94       0x40 /home/janhenrik/programme/gcc-arm-none-eabi-7-2018-q2-update/bin/../lib/gcc/arm-none-eabi/7.3.1/thumb/v6-m/libgcc.a(fixsfsi.o)
                0x0000000008000f94                __aeabi_f2iz
 .text          0x0000000008000fd4       0x94 /home/janhenrik/programme/gcc-arm-none-eabi-7-2018-q2-update/bin/../lib/gcc/arm-none-eabi/7.3.1/thumb/v6-m/libgcc.a(floatsisf.o)
                0x0000000008000fd4                __aeabi_i2f
 .text          0x0000000008001068       0x80 /home/janhenrik/programme/gcc-arm-none-eabi-7-2018-q2-update/bin/../lib/gcc/arm-none-eabi/7.3.1/thumb/v6-m/libgcc.a(floatunsisf.o)
                0x0000000008001068                __aeabi_ui2f
 .text          0x00000000080010e8      0x604 /home/janhenrik/programme/gcc-arm-none-eabi-7-2018-q2-update/bin/../lib/gcc/arm-none-eabi/7.3.1/thumb/v6-m/libgcc.a(divdf3.o)
                0x00000000080010e8                __aeabi_ddiv
 .text          0x00000000080016ec      0x4e4 /home/janhenrik/programme/gcc-arm-none-eabi-7-2018-q2-update/bin/../lib/gcc/arm-none-eabi/7.3.1/thumb/v6-m/libgcc.a(muldf3.o)
                0x00000000080016ec                __aeabi_dmul
 .text          0x0000000008001bd0      0x690 /home/janhenrik/programme/gcc-arm-none-eabi-7-2018-q2-update/bin/../lib/gcc/arm-none-eabi/7.3.1/thumb/v6-m/libgcc.a(subdf3.o)
                0x0000000008001bd0                __aeabi_dsub
 .text          0x0000000008002260       0x74 /home/janhenrik/programme/gcc-arm-none-eabi-7-2018-q2-update/bin/../lib/gcc/arm-none-eabi/7.3.1/thumb/v6-m/libgcc.a(floatsidf.o)
                0x0000000008002260                __aeabi_i2d
 .text          0x00000000080022d4       0xa4 /home/janhenrik/programme/gcc-arm-none-eabi-7-2018-q2-update/bin/../lib/gcc/arm-none-eabi/7.3.1/thumb/v6-m/libgcc.a(extendsfdf2.o)
                0x00000000080022d4                __aeabi_f2d
 .text          0x0000000008002378      0x108 /home/janhenrik/programme/gcc-arm-none-eabi-7-2018-q2-update/bin/../lib/gcc/arm-none-eabi/7.3.1/thumb/v6-m/libgcc.a(truncdfsf2.o)
                0x0000000008002378                __aeabi_d2f
 .text          0x0000000008002480       0x3c /home/janhenrik/programme/gcc-arm-none-eabi-7-2018-q2-update/bin/../lib/gcc/arm-none-eabi/7.3.1/thumb/v6-m/libgcc.a(_clzsi2.o)
                0x0000000008002480                __clzsi2
 *(.text*)
 .text.MX_GPIO_Init
                0x00000000080024bc       0x68 build/main.o
 .text.MX_DMA_Init
                0x0000000008002524       0x30 build/main.o
 .text.MX_ADC_Init
                0x0000000008002554       0xac build/main.o
 .text.MX_I2C1_Init
                0x0000000008002600       0x44 build/main.o
 .text.MX_I2C2_Init
                0x0000000008002644       0x44 build/main.o
 .text.MX_TIM1_Init
                0x0000000008002688       0xec build/main.o
 .text.MX_USB_PCD_Init
                0x0000000008002774       0x28 build/main.o
 .text.reg      0x000000000800279c      0x1b8 build/main.o
                0x000000000800279c                reg
 .text.disp_init
                0x0000000008002954       0x54 build/main.o
                0x0000000008002954                disp_init
 .text.refresh  0x00000000080029a8       0x40 build/main.o
                0x00000000080029a8                refresh
 .text.clear_screen
                0x00000000080029e8       0x14 build/main.o
                0x00000000080029e8                clear_screen
 .text.write_pixel
                0x00000000080029fc       0x6c build/main.o
                0x00000000080029fc                write_pixel
 .text.draw_char
                0x0000000008002a68       0x68 build/main.o
                0x0000000008002a68                draw_char
 .text.draw_string
                0x0000000008002ad0       0x24 build/main.o
                0x0000000008002ad0                draw_string
 .text.SystemClock_Config
                0x0000000008002af4       0x70 build/main.o
                0x0000000008002af4                SystemClock_Config
 .text.main     0x0000000008002b64      0x2a0 build/main.o
                0x0000000008002b64                main
 .text.NMI_Handler
                0x0000000008002e04        0x2 build/stm32f0xx_it.o
                0x0000000008002e04                NMI_Handler
 .text.HardFault_Handler
                0x0000000008002e06        0x2 build/stm32f0xx_it.o
                0x0000000008002e06                HardFault_Handler
 .text.SVC_Handler
                0x0000000008002e08        0x2 build/stm32f0xx_it.o
                0x0000000008002e08                SVC_Handler
 .text.PendSV_Handler
                0x0000000008002e0a        0x2 build/stm32f0xx_it.o
                0x0000000008002e0a                PendSV_Handler
 .text.SysTick_Handler
                0x0000000008002e0c        0x8 build/stm32f0xx_it.o
                0x0000000008002e0c                SysTick_Handler
 .text.ADC1_COMP_IRQHandler
                0x0000000008002e14       0x10 build/stm32f0xx_it.o
                0x0000000008002e14                ADC1_COMP_IRQHandler
 .text.DMA1_Channel1_IRQHandler
                0x0000000008002e24       0x14 build/stm32f0xx_it.o
                0x0000000008002e24                DMA1_Channel1_IRQHandler
 .text.TIM1_BRK_UP_TRG_COM_IRQHandler
                0x0000000008002e38       0x10 build/stm32f0xx_it.o
                0x0000000008002e38                TIM1_BRK_UP_TRG_COM_IRQHandler
 .text.TIM1_CC_IRQHandler
                0x0000000008002e48       0x10 build/stm32f0xx_it.o
                0x0000000008002e48                TIM1_CC_IRQHandler
 .text.HAL_MspInit
                0x0000000008002e58       0x30 build/stm32f0xx_hal_msp.o
                0x0000000008002e58                HAL_MspInit
 .text.HAL_ADC_MspInit
                0x0000000008002e88       0x98 build/stm32f0xx_hal_msp.o
                0x0000000008002e88                HAL_ADC_MspInit
 .text.HAL_I2C_MspInit
                0x0000000008002f20       0xb8 build/stm32f0xx_hal_msp.o
                0x0000000008002f20                HAL_I2C_MspInit
 .text.HAL_TIM_PWM_MspInit
                0x0000000008002fd8       0x50 build/stm32f0xx_hal_msp.o
                0x0000000008002fd8                HAL_TIM_PWM_MspInit
 .text.HAL_TIM_MspPostInit
                0x0000000008003028       0x64 build/stm32f0xx_hal_msp.o
                0x0000000008003028                HAL_TIM_MspPostInit
 .text.HAL_PCD_MspInit
                0x000000000800308c       0x2c build/stm32f0xx_hal_msp.o
                0x000000000800308c                HAL_PCD_MspInit
 .text.ADC_Enable
                0x00000000080030b8       0xa8 build/stm32f0xx_hal_adc.o
 .text.HAL_ADC_Init
                0x0000000008003160      0x17c build/stm32f0xx_hal_adc.o
                0x0000000008003160                HAL_ADC_Init
 .text.HAL_ADC_Start_DMA
                0x00000000080032dc       0xa8 build/stm32f0xx_hal_adc.o
                0x00000000080032dc                HAL_ADC_Start_DMA
 .text.HAL_ADC_ConvCpltCallback
                0x0000000008003384        0x2 build/stm32f0xx_hal_adc.o
                0x0000000008003384                HAL_ADC_ConvCpltCallback
 *fill*         0x0000000008003386        0x2 
 .text.ADC_DMAConvCplt
                0x0000000008003388       0x70 build/stm32f0xx_hal_adc.o
 .text.HAL_ADC_ConvHalfCpltCallback
                0x00000000080033f8        0x2 build/stm32f0xx_hal_adc.o
                0x00000000080033f8                HAL_ADC_ConvHalfCpltCallback
 .text.ADC_DMAHalfConvCplt
                0x00000000080033fa        0xa build/stm32f0xx_hal_adc.o
 .text.HAL_ADC_LevelOutOfWindowCallback
                0x0000000008003404        0x2 build/stm32f0xx_hal_adc.o
                0x0000000008003404                HAL_ADC_LevelOutOfWindowCallback
 .text.HAL_ADC_ErrorCallback
                0x0000000008003406        0x2 build/stm32f0xx_hal_adc.o
                0x0000000008003406                HAL_ADC_ErrorCallback
 .text.ADC_DMAError
                0x0000000008003408       0x1a build/stm32f0xx_hal_adc.o
 *fill*         0x0000000008003422        0x2 
 .text.HAL_ADC_IRQHandler
                0x0000000008003424       0xdc build/stm32f0xx_hal_adc.o
                0x0000000008003424                HAL_ADC_IRQHandler
 .text.HAL_ADC_ConfigChannel
                0x0000000008003500      0x14c build/stm32f0xx_hal_adc.o
                0x0000000008003500                HAL_ADC_ConfigChannel
 .text.I2C_Flush_TXDR
                0x000000000800364c       0x1e build/stm32f0xx_hal_i2c.o
 *fill*         0x000000000800366a        0x2 
 .text.I2C_TransferConfig
                0x000000000800366c       0x28 build/stm32f0xx_hal_i2c.o
 .text.I2C_IsAcknowledgeFailed
                0x0000000008003694       0x78 build/stm32f0xx_hal_i2c.o
 .text.I2C_WaitOnTXISFlagUntilTimeout
                0x000000000800370c       0x52 build/stm32f0xx_hal_i2c.o
 .text.I2C_WaitOnFlagUntilTimeout
                0x000000000800375e       0x46 build/stm32f0xx_hal_i2c.o
 .text.I2C_WaitOnSTOPFlagUntilTimeout
                0x00000000080037a4       0x4e build/stm32f0xx_hal_i2c.o
 *fill*         0x00000000080037f2        0x2 
 .text.HAL_I2C_Init
                0x00000000080037f4       0xcc build/stm32f0xx_hal_i2c.o
                0x00000000080037f4                HAL_I2C_Init
 .text.HAL_I2C_Master_Transmit
                0x00000000080038c0      0x180 build/stm32f0xx_hal_i2c.o
                0x00000000080038c0                HAL_I2C_Master_Transmit
 .text.HAL_I2C_GetState
                0x0000000008003a40        0x8 build/stm32f0xx_hal_i2c.o
                0x0000000008003a40                HAL_I2C_GetState
 .text.HAL_I2CEx_ConfigAnalogFilter
                0x0000000008003a48       0x58 build/stm32f0xx_hal_i2c_ex.o
                0x0000000008003a48                HAL_I2CEx_ConfigAnalogFilter
 .text.HAL_I2CEx_ConfigDigitalFilter
                0x0000000008003aa0       0x54 build/stm32f0xx_hal_i2c_ex.o
                0x0000000008003aa0                HAL_I2CEx_ConfigDigitalFilter
 .text.TIM_OC1_SetConfig
                0x0000000008003af4       0x88 build/stm32f0xx_hal_tim.o
 .text.TIM_OC3_SetConfig
                0x0000000008003b7c       0x90 build/stm32f0xx_hal_tim.o
 .text.TIM_OC4_SetConfig
                0x0000000008003c0c       0x74 build/stm32f0xx_hal_tim.o
 .text.TIM_TI1_ConfigInputStage
                0x0000000008003c80       0x22 build/stm32f0xx_hal_tim.o
 *fill*         0x0000000008003ca2        0x2 
 .text.TIM_TI2_ConfigInputStage
                0x0000000008003ca4       0x28 build/stm32f0xx_hal_tim.o
 .text.TIM_ITRx_SetConfig
                0x0000000008003ccc       0x10 build/stm32f0xx_hal_tim.o
 .text.HAL_TIM_Base_MspInit
                0x0000000008003cdc        0x2 build/stm32f0xx_hal_tim.o
                0x0000000008003cdc                HAL_TIM_Base_MspInit
 .text.HAL_TIM_OC_MspInit
                0x0000000008003cde        0x2 build/stm32f0xx_hal_tim.o
                0x0000000008003cde                HAL_TIM_OC_MspInit
 .text.HAL_TIM_PeriodElapsedCallback
                0x0000000008003ce0        0x2 build/stm32f0xx_hal_tim.o
                0x0000000008003ce0                HAL_TIM_PeriodElapsedCallback
 .text.HAL_TIM_OC_DelayElapsedCallback
                0x0000000008003ce2        0x2 build/stm32f0xx_hal_tim.o
                0x0000000008003ce2                HAL_TIM_OC_DelayElapsedCallback
 .text.HAL_TIM_IC_CaptureCallback
                0x0000000008003ce4        0x2 build/stm32f0xx_hal_tim.o
                0x0000000008003ce4                HAL_TIM_IC_CaptureCallback
 .text.HAL_TIM_PWM_PulseFinishedCallback
                0x0000000008003ce6        0x2 build/stm32f0xx_hal_tim.o
                0x0000000008003ce6                HAL_TIM_PWM_PulseFinishedCallback
 .text.HAL_TIM_TriggerCallback
                0x0000000008003ce8        0x2 build/stm32f0xx_hal_tim.o
                0x0000000008003ce8                HAL_TIM_TriggerCallback
 .text.HAL_TIM_IRQHandler
                0x0000000008003cea      0x15a build/stm32f0xx_hal_tim.o
                0x0000000008003cea                HAL_TIM_IRQHandler
 .text.TIM_Base_SetConfig
                0x0000000008003e44       0xa4 build/stm32f0xx_hal_tim.o
                0x0000000008003e44                TIM_Base_SetConfig
 .text.HAL_TIM_Base_Init
                0x0000000008003ee8       0x34 build/stm32f0xx_hal_tim.o
                0x0000000008003ee8                HAL_TIM_Base_Init
 .text.HAL_TIM_OC_Init
                0x0000000008003f1c       0x34 build/stm32f0xx_hal_tim.o
                0x0000000008003f1c                HAL_TIM_OC_Init
 .text.HAL_TIM_PWM_Init
                0x0000000008003f50       0x34 build/stm32f0xx_hal_tim.o
                0x0000000008003f50                HAL_TIM_PWM_Init
 .text.TIM_OC2_SetConfig
                0x0000000008003f84       0x88 build/stm32f0xx_hal_tim.o
                0x0000000008003f84                TIM_OC2_SetConfig
 .text.HAL_TIM_OC_ConfigChannel
                0x000000000800400c       0x5c build/stm32f0xx_hal_tim.o
                0x000000000800400c                HAL_TIM_OC_ConfigChannel
 .text.HAL_TIM_PWM_ConfigChannel
                0x0000000008004068       0xec build/stm32f0xx_hal_tim.o
                0x0000000008004068                HAL_TIM_PWM_ConfigChannel
 .text.TIM_ETR_SetConfig
                0x0000000008004154       0x18 build/stm32f0xx_hal_tim.o
                0x0000000008004154                TIM_ETR_SetConfig
 .text.HAL_TIM_ConfigClockSource
                0x000000000800416c      0x118 build/stm32f0xx_hal_tim.o
                0x000000000800416c                HAL_TIM_ConfigClockSource
 .text.TIM_CCxChannelCmd
                0x0000000008004284       0x16 build/stm32f0xx_hal_tim.o
                0x0000000008004284                TIM_CCxChannelCmd
 *fill*         0x000000000800429a        0x2 
 .text.HAL_TIM_OC_Start
                0x000000000800429c       0x50 build/stm32f0xx_hal_tim.o
                0x000000000800429c                HAL_TIM_OC_Start
 .text.HAL_TIM_PWM_Start
                0x00000000080042ec       0x50 build/stm32f0xx_hal_tim.o
                0x00000000080042ec                HAL_TIM_PWM_Start
 .text.HAL_TIMEx_MasterConfigSynchronization
                0x000000000800433c       0x4c build/stm32f0xx_hal_tim_ex.o
                0x000000000800433c                HAL_TIMEx_MasterConfigSynchronization
 .text.HAL_TIMEx_ConfigBreakDeadTime
                0x0000000008004388       0x7c build/stm32f0xx_hal_tim_ex.o
                0x0000000008004388                HAL_TIMEx_ConfigBreakDeadTime
 .text.HAL_TIMEx_CommutationCallback
                0x0000000008004404        0x2 build/stm32f0xx_hal_tim_ex.o
                0x0000000008004404                HAL_TIMEx_CommutationCallback
 .text.HAL_TIMEx_BreakCallback
                0x0000000008004406        0x2 build/stm32f0xx_hal_tim_ex.o
                0x0000000008004406                HAL_TIMEx_BreakCallback
 .text.HAL_PCD_Init
                0x0000000008004408       0xc0 build/stm32f0xx_hal_pcd.o
                0x0000000008004408                HAL_PCD_Init
 .text.HAL_RCC_OscConfig
                0x00000000080044c8      0x4fc build/stm32f0xx_hal_rcc.o
                0x00000000080044c8                HAL_RCC_OscConfig
 .text.HAL_RCC_GetSysClockFreq
                0x00000000080049c4       0x94 build/stm32f0xx_hal_rcc.o
                0x00000000080049c4                HAL_RCC_GetSysClockFreq
 .text.HAL_RCC_ClockConfig
                0x0000000008004a58      0x184 build/stm32f0xx_hal_rcc.o
                0x0000000008004a58                HAL_RCC_ClockConfig
 .text.HAL_RCC_GetHCLKFreq
                0x0000000008004bdc        0xc build/stm32f0xx_hal_rcc.o
                0x0000000008004bdc                HAL_RCC_GetHCLKFreq
 .text.HAL_RCCEx_PeriphCLKConfig
                0x0000000008004be8      0x158 build/stm32f0xx_hal_rcc_ex.o
                0x0000000008004be8                HAL_RCCEx_PeriphCLKConfig
 .text.HAL_InitTick
                0x0000000008004d40       0x24 build/stm32f0xx_hal.o
                0x0000000008004d40                HAL_InitTick
 .text.HAL_Init
                0x0000000008004d64       0x20 build/stm32f0xx_hal.o
                0x0000000008004d64                HAL_Init
 .text.HAL_IncTick
                0x0000000008004d84       0x10 build/stm32f0xx_hal.o
                0x0000000008004d84                HAL_IncTick
 .text.HAL_GetTick
                0x0000000008004d94        0xc build/stm32f0xx_hal.o
                0x0000000008004d94                HAL_GetTick
 .text.HAL_Delay
                0x0000000008004da0       0x22 build/stm32f0xx_hal.o
                0x0000000008004da0                HAL_Delay
 *fill*         0x0000000008004dc2        0x2 
 .text.HAL_GPIO_Init
                0x0000000008004dc4      0x198 build/stm32f0xx_hal_gpio.o
                0x0000000008004dc4                HAL_GPIO_Init
 .text.HAL_GPIO_ReadPin
                0x0000000008004f5c        0xe build/stm32f0xx_hal_gpio.o
                0x0000000008004f5c                HAL_GPIO_ReadPin
 .text.DMA_SetConfig
                0x0000000008004f6a       0x2a build/stm32f0xx_hal_dma.o
 .text.DMA_CalcBaseAndBitshift
                0x0000000008004f94       0x28 build/stm32f0xx_hal_dma.o
 .text.HAL_DMA_Init
                0x0000000008004fbc       0x58 build/stm32f0xx_hal_dma.o
                0x0000000008004fbc                HAL_DMA_Init
 .text.HAL_DMA_Start_IT
                0x0000000008005014       0x76 build/stm32f0xx_hal_dma.o
                0x0000000008005014                HAL_DMA_Start_IT
 .text.HAL_DMA_IRQHandler
                0x000000000800508a       0xaa build/stm32f0xx_hal_dma.o
                0x000000000800508a                HAL_DMA_IRQHandler
 .text.HAL_NVIC_SetPriority
                0x0000000008005134       0x60 build/stm32f0xx_hal_cortex.o
                0x0000000008005134                HAL_NVIC_SetPriority
 .text.HAL_NVIC_EnableIRQ
                0x0000000008005194       0x14 build/stm32f0xx_hal_cortex.o
                0x0000000008005194                HAL_NVIC_EnableIRQ
 .text.HAL_SYSTICK_Config
                0x00000000080051a8       0x38 build/stm32f0xx_hal_cortex.o
                0x00000000080051a8                HAL_SYSTICK_Config
 .text.SystemInit
                0x00000000080051e0       0xa0 build/system_stm32f0xx.o
                0x00000000080051e0                SystemInit
 .text.Reset_Handler
                0x0000000008005280       0x50 build/startup_stm32f072xb.o
                0x0000000008005280                Reset_Handler
 .text.Default_Handler
                0x00000000080052d0        0x2 build/startup_stm32f072xb.o
                0x00000000080052d0                TSC_IRQHandler
                0x00000000080052d0                I2C1_IRQHandler
                0x00000000080052d0                RCC_CRS_IRQHandler
                0x00000000080052d0                SPI1_IRQHandler
                0x00000000080052d0                TIM6_DAC_IRQHandler
                0x00000000080052d0                USART3_4_IRQHandler
                0x00000000080052d0                EXTI2_3_IRQHandler
                0x00000000080052d0                I2C2_IRQHandler
                0x00000000080052d0                TIM17_IRQHandler
                0x00000000080052d0                CEC_CAN_IRQHandler
                0x00000000080052d0                RTC_IRQHandler
                0x00000000080052d0                PVD_VDDIO2_IRQHandler
                0x00000000080052d0                DMA1_Channel4_5_6_7_IRQHandler
                0x00000000080052d0                TIM16_IRQHandler
                0x00000000080052d0                TIM3_IRQHandler
                0x00000000080052d0                EXTI4_15_IRQHandler
                0x00000000080052d0                Default_Handler
                0x00000000080052d0                TIM14_IRQHandler
                0x00000000080052d0                TIM7_IRQHandler
                0x00000000080052d0                TIM15_IRQHandler
                0x00000000080052d0                EXTI0_1_IRQHandler
                0x00000000080052d0                USB_IRQHandler
                0x00000000080052d0                SPI2_IRQHandler
                0x00000000080052d0                WWDG_IRQHandler
                0x00000000080052d0                TIM2_IRQHandler
                0x00000000080052d0                DMA1_Channel2_3_IRQHandler
                0x00000000080052d0                USART2_IRQHandler
                0x00000000080052d0                FLASH_IRQHandler
                0x00000000080052d0                USART1_IRQHandler
 *fill*         0x00000000080052d2        0x2 
 .text.__libc_init_array
                0x00000000080052d4       0x48 /home/janhenrik/programme/gcc-arm-none-eabi-7-2018-q2-update/bin/../lib/gcc/arm-none-eabi/7.3.1/../../../../arm-none-eabi/lib/thumb/v6-m/libc_nano.a(lib_a-init.o)
                0x00000000080052d4                __libc_init_array
 .text.memcpy   0x000000000800531c       0x12 /home/janhenrik/programme/gcc-arm-none-eabi-7-2018-q2-update/bin/../lib/gcc/arm-none-eabi/7.3.1/../../../../arm-none-eabi/lib/thumb/v6-m/libc_nano.a(lib_a-memcpy-stub.o)
                0x000000000800531c                memcpy
 .text.memset   0x000000000800532e       0x10 /home/janhenrik/programme/gcc-arm-none-eabi-7-2018-q2-update/bin/../lib/gcc/arm-none-eabi/7.3.1/../../../../arm-none-eabi/lib/thumb/v6-m/libc_nano.a(lib_a-memset.o)
                0x000000000800532e                memset
 *fill*         0x000000000800533e        0x2 
 .text.sprintf  0x0000000008005340       0x40 /home/janhenrik/programme/gcc-arm-none-eabi-7-2018-q2-update/bin/../lib/gcc/arm-none-eabi/7.3.1/../../../../arm-none-eabi/lib/thumb/v6-m/libc_nano.a(lib_a-sprintf.o)
                0x0000000008005340                sprintf
                0x0000000008005340                siprintf
 .text.__ssputs_r
                0x0000000008005380       0xc4 /home/janhenrik/programme/gcc-arm-none-eabi-7-2018-q2-update/bin/../lib/gcc/arm-none-eabi/7.3.1/../../../../arm-none-eabi/lib/thumb/v6-m/libc_nano.a(lib_a-nano-svfprintf.o)
                0x0000000008005380                __ssputs_r
 .text._svfprintf_r
                0x0000000008005444      0x1fc /home/janhenrik/programme/gcc-arm-none-eabi-7-2018-q2-update/bin/../lib/gcc/arm-none-eabi/7.3.1/../../../../arm-none-eabi/lib/thumb/v6-m/libc_nano.a(lib_a-nano-svfprintf.o)
                0x0000000008005444                _svfprintf_r
                0x0000000008005444                _svfiprintf_r
 .text._printf_common
                0x0000000008005640       0xda /home/janhenrik/programme/gcc-arm-none-eabi-7-2018-q2-update/bin/../lib/gcc/arm-none-eabi/7.3.1/../../../../arm-none-eabi/lib/thumb/v6-m/libc_nano.a(lib_a-nano-vfprintf_i.o)
                0x0000000008005640                _printf_common
 *fill*         0x000000000800571a        0x2 
 .text._printf_i
                0x000000000800571c      0x210 /home/janhenrik/programme/gcc-arm-none-eabi-7-2018-q2-update/bin/../lib/gcc/arm-none-eabi/7.3.1/../../../../arm-none-eabi/lib/thumb/v6-m/libc_nano.a(lib_a-nano-vfprintf_i.o)
                0x000000000800571c                _printf_i
 .text.memchr   0x000000000800592c       0x16 /home/janhenrik/programme/gcc-arm-none-eabi-7-2018-q2-update/bin/../lib/gcc/arm-none-eabi/7.3.1/../../../../arm-none-eabi/lib/thumb/v6-m/libc_nano.a(lib_a-memchr-stub.o)
                0x000000000800592c                memchr
 .text.memmove  0x0000000008005942       0x26 /home/janhenrik/programme/gcc-arm-none-eabi-7-2018-q2-update/bin/../lib/gcc/arm-none-eabi/7.3.1/../../../../arm-none-eabi/lib/thumb/v6-m/libc_nano.a(lib_a-memmove.o)
                0x0000000008005942                memmove
 .text._free_r  0x0000000008005968       0x94 /home/janhenrik/programme/gcc-arm-none-eabi-7-2018-q2-update/bin/../lib/gcc/arm-none-eabi/7.3.1/../../../../arm-none-eabi/lib/thumb/v6-m/libc_nano.a(lib_a-nano-freer.o)
                0x0000000008005968                _free_r
 .text._malloc_r
                0x00000000080059fc       0xbc /home/janhenrik/programme/gcc-arm-none-eabi-7-2018-q2-update/bin/../lib/gcc/arm-none-eabi/7.3.1/../../../../arm-none-eabi/lib/thumb/v6-m/libc_nano.a(lib_a-nano-mallocr.o)
                0x00000000080059fc                _malloc_r
 .text._realloc_r
                0x0000000008005ab8       0x4c /home/janhenrik/programme/gcc-arm-none-eabi-7-2018-q2-update/bin/../lib/gcc/arm-none-eabi/7.3.1/../../../../arm-none-eabi/lib/thumb/v6-m/libc_nano.a(lib_a-nano-reallocr.o)
                0x0000000008005ab8                _realloc_r
 .text._sbrk_r  0x0000000008005b04       0x24 /home/janhenrik/programme/gcc-arm-none-eabi-7-2018-q2-update/bin/../lib/gcc/arm-none-eabi/7.3.1/../../../../arm-none-eabi/lib/thumb/v6-m/libc_nano.a(lib_a-sbrkr.o)
                0x0000000008005b04                _sbrk_r
 .text.__malloc_lock
                0x0000000008005b28        0x2 /home/janhenrik/programme/gcc-arm-none-eabi-7-2018-q2-update/bin/../lib/gcc/arm-none-eabi/7.3.1/../../../../arm-none-eabi/lib/thumb/v6-m/libc_nano.a(lib_a-mlock.o)
                0x0000000008005b28                __malloc_lock
 .text.__malloc_unlock
                0x0000000008005b2a        0x2 /home/janhenrik/programme/gcc-arm-none-eabi-7-2018-q2-update/bin/../lib/gcc/arm-none-eabi/7.3.1/../../../../arm-none-eabi/lib/thumb/v6-m/libc_nano.a(lib_a-mlock.o)
                0x0000000008005b2a                __malloc_unlock
 .text._malloc_usable_size_r
                0x0000000008005b2c       0x10 /home/janhenrik/programme/gcc-arm-none-eabi-7-2018-q2-update/bin/../lib/gcc/arm-none-eabi/7.3.1/../../../../arm-none-eabi/lib/thumb/v6-m/libc_nano.a(lib_a-nano-msizer.o)
                0x0000000008005b2c                _malloc_usable_size_r
 .text._sbrk    0x0000000008005b3c       0x1c /home/janhenrik/programme/gcc-arm-none-eabi-7-2018-q2-update/bin/../lib/gcc/arm-none-eabi/7.3.1/../../../../arm-none-eabi/lib/thumb/v6-m/libnosys.a(sbrk.o)
                0x0000000008005b3c                _sbrk
 *(.glue_7)
 .glue_7        0x0000000008005b58        0x0 linker stubs
 *(.glue_7t)
 .glue_7t       0x0000000008005b58        0x0 linker stubs
 *(.eh_frame)
 .eh_frame      0x0000000008005b58        0x0 /home/janhenrik/programme/gcc-arm-none-eabi-7-2018-q2-update/bin/../lib/gcc/arm-none-eabi/7.3.1/thumb/v6-m/crtbegin.o
 *(.init)
 .init          0x0000000008005b58        0x4 /home/janhenrik/programme/gcc-arm-none-eabi-7-2018-q2-update/bin/../lib/gcc/arm-none-eabi/7.3.1/thumb/v6-m/crti.o
                0x0000000008005b58                _init
 .init          0x0000000008005b5c        0x8 /home/janhenrik/programme/gcc-arm-none-eabi-7-2018-q2-update/bin/../lib/gcc/arm-none-eabi/7.3.1/thumb/v6-m/crtn.o
 *(.fini)
 .fini          0x0000000008005b64        0x4 /home/janhenrik/programme/gcc-arm-none-eabi-7-2018-q2-update/bin/../lib/gcc/arm-none-eabi/7.3.1/thumb/v6-m/crti.o
                0x0000000008005b64                _fini
 .fini          0x0000000008005b68        0x8 /home/janhenrik/programme/gcc-arm-none-eabi-7-2018-q2-update/bin/../lib/gcc/arm-none-eabi/7.3.1/thumb/v6-m/crtn.o
                0x0000000008005b70                . = ALIGN (0x4)
                0x0000000008005b70                _etext = .

.vfp11_veneer   0x0000000008005b70        0x0
 .vfp11_veneer  0x0000000008005b70        0x0 linker stubs

.v4_bx          0x0000000008005b70        0x0
 .v4_bx         0x0000000008005b70        0x0 linker stubs

.iplt           0x0000000008005b70        0x0
 .iplt          0x0000000008005b70        0x0 /home/janhenrik/programme/gcc-arm-none-eabi-7-2018-q2-update/bin/../lib/gcc/arm-none-eabi/7.3.1/thumb/v6-m/crtbegin.o

.rodata         0x0000000008005b70      0x444
                0x0000000008005b70                . = ALIGN (0x4)
 *(.rodata)
 .rodata        0x0000000008005b70        0xb build/main.o
 *fill*         0x0000000008005b7b        0x1 
 .rodata        0x0000000008005b7c       0x20 build/stm32f0xx_hal_rcc.o
 .rodata        0x0000000008005b9c       0x80 /home/janhenrik/programme/gcc-arm-none-eabi-7-2018-q2-update/bin/../lib/gcc/arm-none-eabi/7.3.1/thumb/v6-m/libgcc.a(divsf3.o)
 .rodata        0x0000000008005c1c       0x40 /home/janhenrik/programme/gcc-arm-none-eabi-7-2018-q2-update/bin/../lib/gcc/arm-none-eabi/7.3.1/thumb/v6-m/libgcc.a(mulsf3.o)
 .rodata        0x0000000008005c5c       0x40 /home/janhenrik/programme/gcc-arm-none-eabi-7-2018-q2-update/bin/../lib/gcc/arm-none-eabi/7.3.1/thumb/v6-m/libgcc.a(divdf3.o)
 .rodata        0x0000000008005c9c       0x40 /home/janhenrik/programme/gcc-arm-none-eabi-7-2018-q2-update/bin/../lib/gcc/arm-none-eabi/7.3.1/thumb/v6-m/libgcc.a(muldf3.o)
 *(.rodata*)
 .rodata.REFRESH_COMMANDS
                0x0000000008005cdc       0x11 build/main.o
                0x0000000008005cdc                REFRESH_COMMANDS
 *fill*         0x0000000008005ced        0x3 
 .rodata.font   0x0000000008005cf0      0x240 build/main.o
                0x0000000008005cf0                font
 .rodata.main.str1.4
                0x0000000008005f30       0x40 build/main.o
                                         0x3e (size before relaxing)
 .rodata.AHBPrescTable
                0x0000000008005f70       0x10 build/system_stm32f0xx.o
                0x0000000008005f70                AHBPrescTable
 .rodata._svfprintf_r.str1.1
                0x0000000008005f80       0x11 /home/janhenrik/programme/gcc-arm-none-eabi-7-2018-q2-update/bin/../lib/gcc/arm-none-eabi/7.3.1/../../../../arm-none-eabi/lib/thumb/v6-m/libc_nano.a(lib_a-nano-svfprintf.o)
 .rodata._printf_i.str1.1
                0x0000000008005f91       0x22 /home/janhenrik/programme/gcc-arm-none-eabi-7-2018-q2-update/bin/../lib/gcc/arm-none-eabi/7.3.1/../../../../arm-none-eabi/lib/thumb/v6-m/libc_nano.a(lib_a-nano-vfprintf_i.o)
                0x0000000008005fb4                . = ALIGN (0x4)
 *fill*         0x0000000008005fb3        0x1 

.rel.dyn        0x0000000008005fb4        0x0
 .rel.iplt      0x0000000008005fb4        0x0 /home/janhenrik/programme/gcc-arm-none-eabi-7-2018-q2-update/bin/../lib/gcc/arm-none-eabi/7.3.1/thumb/v6-m/crtbegin.o

.ARM.extab
 *(.ARM.extab* .gnu.linkonce.armextab.*)

.ARM            0x0000000008005fb4        0x0
                0x0000000008005fb4                __exidx_start = .
 *(.ARM.exidx*)
                0x0000000008005fb4                __exidx_end = .

.preinit_array  0x0000000008005fb4        0x0
                0x0000000008005fb4                PROVIDE (__preinit_array_start = .)
 *(.preinit_array*)
                0x0000000008005fb4                PROVIDE (__preinit_array_end = .)

.init_array     0x0000000008005fb4        0x4
                0x0000000008005fb4                PROVIDE (__init_array_start = .)
 *(SORT_BY_NAME(.init_array.*))
 *(.init_array*)
 .init_array    0x0000000008005fb4        0x4 /home/janhenrik/programme/gcc-arm-none-eabi-7-2018-q2-update/bin/../lib/gcc/arm-none-eabi/7.3.1/thumb/v6-m/crtbegin.o
                0x0000000008005fb8                PROVIDE (__init_array_end = .)

.fini_array     0x0000000008005fb8        0x4
                [!provide]                        PROVIDE (__fini_array_start = .)
 *(SORT_BY_NAME(.fini_array.*))
 *(.fini_array*)
 .fini_array    0x0000000008005fb8        0x4 /home/janhenrik/programme/gcc-arm-none-eabi-7-2018-q2-update/bin/../lib/gcc/arm-none-eabi/7.3.1/thumb/v6-m/crtbegin.o
                [!provide]                        PROVIDE (__fini_array_end = .)
                0x0000000008005fbc                _sidata = LOADADDR (.data)

.data           0x0000000020000000       0xd0 load address 0x0000000008005fbc
                0x0000000020000000                . = ALIGN (0x4)
                0x0000000020000000                _sdata = .
 *(.data)
 *(.data*)
 .data.OLED_Setup_Array
                0x0000000020000000       0x32 build/main.o
                0x0000000020000000                OLED_Setup_Array
 *fill*         0x0000000020000032        0x2 
 .data.r        0x0000000020000034       0x2c build/main.o
                0x0000000020000034                r
 .data.tipcal   0x0000000020000060        0x8 build/main.o
                0x0000000020000060                tipcal
 .data.SystemCoreClock
                0x0000000020000068        0x4 build/system_stm32f0xx.o
                0x0000000020000068                SystemCoreClock
 .data._impure_ptr
                0x000000002000006c        0x4 /home/janhenrik/programme/gcc-arm-none-eabi-7-2018-q2-update/bin/../lib/gcc/arm-none-eabi/7.3.1/../../../../arm-none-eabi/lib/thumb/v6-m/libc_nano.a(lib_a-impure.o)
                0x000000002000006c                _impure_ptr
 .data.impure_data
                0x0000000020000070       0x60 /home/janhenrik/programme/gcc-arm-none-eabi-7-2018-q2-update/bin/../lib/gcc/arm-none-eabi/7.3.1/../../../../arm-none-eabi/lib/thumb/v6-m/libc_nano.a(lib_a-impure.o)
                0x00000000200000d0                . = ALIGN (0x4)
                0x00000000200000d0                _edata = .

.igot.plt       0x00000000200000d0        0x0 load address 0x000000000800608c
 .igot.plt      0x00000000200000d0        0x0 /home/janhenrik/programme/gcc-arm-none-eabi-7-2018-q2-update/bin/../lib/gcc/arm-none-eabi/7.3.1/thumb/v6-m/crtbegin.o
                0x00000000200000d0                . = ALIGN (0x4)

.bss            0x00000000200000d0      0x4b8 load address 0x000000000800608c
                0x00000000200000d0                _sbss = .
                0x00000000200000d0                __bss_start__ = _sbss
 *(.bss)
 .bss           0x00000000200000d0       0x1c /home/janhenrik/programme/gcc-arm-none-eabi-7-2018-q2-update/bin/../lib/gcc/arm-none-eabi/7.3.1/thumb/v6-m/crtbegin.o
 *(.bss*)
 .bss.ADC_raw   0x00000000200000ec        0x8 build/main.o
 .bss.__malloc_free_list
                0x00000000200000f4        0x4 /home/janhenrik/programme/gcc-arm-none-eabi-7-2018-q2-update/bin/../lib/gcc/arm-none-eabi/7.3.1/../../../../arm-none-eabi/lib/thumb/v6-m/libc_nano.a(lib_a-nano-mallocr.o)
                0x00000000200000f4                __malloc_free_list
 .bss.__malloc_sbrk_start
                0x00000000200000f8        0x4 /home/janhenrik/programme/gcc-arm-none-eabi-7-2018-q2-update/bin/../lib/gcc/arm-none-eabi/7.3.1/../../../../arm-none-eabi/lib/thumb/v6-m/libc_nano.a(lib_a-nano-mallocr.o)
                0x00000000200000f8                __malloc_sbrk_start
 .bss.heap_end.4102
                0x00000000200000fc        0x4 /home/janhenrik/programme/gcc-arm-none-eabi-7-2018-q2-update/bin/../lib/gcc/arm-none-eabi/7.3.1/../../../../arm-none-eabi/lib/thumb/v6-m/libnosys.a(sbrk.o)
 *(COMMON)
 COMMON         0x0000000020000100      0x47c build/main.o
                0x0000000020000100                screenBuffer
                0x00000000200001dc                hi2c1
                0x0000000020000228                hi2c2
                0x0000000020000274                htim1
                0x00000000200002b4                s
                0x00000000200002cc                hdma_adc
                0x0000000020000310                hpcd_USB_FS
                0x0000000020000530                hadc
 COMMON         0x000000002000057c        0x4 build/stm32f0xx_hal.o
                0x000000002000057c                uwTick
 COMMON         0x0000000020000580        0x4 build/system_stm32f0xx.o
                0x0000000020000580                SysMemBootJump
 COMMON         0x0000000020000584        0x4 /home/janhenrik/programme/gcc-arm-none-eabi-7-2018-q2-update/bin/../lib/gcc/arm-none-eabi/7.3.1/../../../../arm-none-eabi/lib/thumb/v6-m/libc_nano.a(lib_a-reent.o)
                0x0000000020000584                errno
                0x0000000020000588                . = ALIGN (0x4)
                0x0000000020000588                _ebss = .
                0x0000000020000588                __bss_end__ = _ebss

._user_heap_stack
                0x0000000020000588      0x600 load address 0x000000000800608c
                0x0000000020000588                . = ALIGN (0x8)
                0x0000000020000588                PROVIDE (end = .)
                [!provide]                        PROVIDE (_end = .)
                0x0000000020000788                . = (. + _Min_Heap_Size)
 *fill*         0x0000000020000588      0x200 
                0x0000000020000b88                . = (. + _Min_Stack_Size)
 *fill*         0x0000000020000788      0x400 
                0x0000000020000b88                . = ALIGN (0x8)

/DISCARD/
 libc.a(*)
 libm.a(*)
 libgcc.a(*)

.ARM.attributes
                0x0000000000000000       0x28
 *(.ARM.attributes)
 .ARM.attributes
                0x0000000000000000       0x1e /home/janhenrik/programme/gcc-arm-none-eabi-7-2018-q2-update/bin/../lib/gcc/arm-none-eabi/7.3.1/thumb/v6-m/crti.o
 .ARM.attributes
                0x000000000000001e       0x2c /home/janhenrik/programme/gcc-arm-none-eabi-7-2018-q2-update/bin/../lib/gcc/arm-none-eabi/7.3.1/thumb/v6-m/crtbegin.o
 .ARM.attributes
                0x000000000000004a       0x31 build/main.o
 .ARM.attributes
                0x000000000000007b       0x31 build/stm32f0xx_it.o
 .ARM.attributes
                0x00000000000000ac       0x31 build/stm32f0xx_hal_msp.o
 .ARM.attributes
                0x00000000000000dd       0x31 build/stm32f0xx_hal_adc.o
 .ARM.attributes
                0x000000000000010e       0x31 build/stm32f0xx_hal_i2c.o
 .ARM.attributes
                0x000000000000013f       0x31 build/stm32f0xx_hal_i2c_ex.o
 .ARM.attributes
                0x0000000000000170       0x31 build/stm32f0xx_hal_tim.o
 .ARM.attributes
                0x00000000000001a1       0x31 build/stm32f0xx_hal_tim_ex.o
 .ARM.attributes
                0x00000000000001d2       0x31 build/stm32f0xx_hal_pcd.o
 .ARM.attributes
                0x0000000000000203       0x31 build/stm32f0xx_hal_rcc.o
 .ARM.attributes
                0x0000000000000234       0x31 build/stm32f0xx_hal_rcc_ex.o
 .ARM.attributes
                0x0000000000000265       0x31 build/stm32f0xx_hal.o
 .ARM.attributes
                0x0000000000000296       0x31 build/stm32f0xx_hal_gpio.o
 .ARM.attributes
                0x00000000000002c7       0x31 build/stm32f0xx_hal_dma.o
 .ARM.attributes
                0x00000000000002f8       0x31 build/stm32f0xx_hal_cortex.o
 .ARM.attributes
                0x0000000000000329       0x31 build/system_stm32f0xx.o
 .ARM.attributes
                0x000000000000035a       0x21 build/startup_stm32f072xb.o
 .ARM.attributes
                0x000000000000037b       0x2c /home/janhenrik/programme/gcc-arm-none-eabi-7-2018-q2-update/bin/../lib/gcc/arm-none-eabi/7.3.1/../../../../arm-none-eabi/lib/thumb/v6-m/libc_nano.a(lib_a-impure.o)
 .ARM.attributes
                0x00000000000003a7       0x2c /home/janhenrik/programme/gcc-arm-none-eabi-7-2018-q2-update/bin/../lib/gcc/arm-none-eabi/7.3.1/../../../../arm-none-eabi/lib/thumb/v6-m/libc_nano.a(lib_a-init.o)
 .ARM.attributes
                0x00000000000003d3       0x2c /home/janhenrik/programme/gcc-arm-none-eabi-7-2018-q2-update/bin/../lib/gcc/arm-none-eabi/7.3.1/../../../../arm-none-eabi/lib/thumb/v6-m/libc_nano.a(lib_a-memcpy-stub.o)
 .ARM.attributes
                0x00000000000003ff       0x2c /home/janhenrik/programme/gcc-arm-none-eabi-7-2018-q2-update/bin/../lib/gcc/arm-none-eabi/7.3.1/../../../../arm-none-eabi/lib/thumb/v6-m/libc_nano.a(lib_a-memset.o)
 .ARM.attributes
                0x000000000000042b       0x2c /home/janhenrik/programme/gcc-arm-none-eabi-7-2018-q2-update/bin/../lib/gcc/arm-none-eabi/7.3.1/../../../../arm-none-eabi/lib/thumb/v6-m/libc_nano.a(lib_a-sprintf.o)
 .ARM.attributes
                0x0000000000000457       0x2c /home/janhenrik/programme/gcc-arm-none-eabi-7-2018-q2-update/bin/../lib/gcc/arm-none-eabi/7.3.1/../../../../arm-none-eabi/lib/thumb/v6-m/libc_nano.a(lib_a-nano-svfprintf.o)
 .ARM.attributes
                0x0000000000000483       0x2c /home/janhenrik/programme/gcc-arm-none-eabi-7-2018-q2-update/bin/../lib/gcc/arm-none-eabi/7.3.1/../../../../arm-none-eabi/lib/thumb/v6-m/libc_nano.a(lib_a-nano-vfprintf_i.o)
 .ARM.attributes
                0x00000000000004af       0x2c /home/janhenrik/programme/gcc-arm-none-eabi-7-2018-q2-update/bin/../lib/gcc/arm-none-eabi/7.3.1/../../../../arm-none-eabi/lib/thumb/v6-m/libc_nano.a(lib_a-memchr-stub.o)
 .ARM.attributes
                0x00000000000004db       0x2c /home/janhenrik/programme/gcc-arm-none-eabi-7-2018-q2-update/bin/../lib/gcc/arm-none-eabi/7.3.1/../../../../arm-none-eabi/lib/thumb/v6-m/libc_nano.a(lib_a-memmove.o)
 .ARM.attributes
                0x0000000000000507       0x2c /home/janhenrik/programme/gcc-arm-none-eabi-7-2018-q2-update/bin/../lib/gcc/arm-none-eabi/7.3.1/../../../../arm-none-eabi/lib/thumb/v6-m/libc_nano.a(lib_a-nano-freer.o)
 .ARM.attributes
                0x0000000000000533       0x2c /home/janhenrik/programme/gcc-arm-none-eabi-7-2018-q2-update/bin/../lib/gcc/arm-none-eabi/7.3.1/../../../../arm-none-eabi/lib/thumb/v6-m/libc_nano.a(lib_a-nano-mallocr.o)
 .ARM.attributes
                0x000000000000055f       0x2c /home/janhenrik/programme/gcc-arm-none-eabi-7-2018-q2-update/bin/../lib/gcc/arm-none-eabi/7.3.1/../../../../arm-none-eabi/lib/thumb/v6-m/libc_nano.a(lib_a-nano-reallocr.o)
 .ARM.attributes
                0x000000000000058b       0x2c /home/janhenrik/programme/gcc-arm-none-eabi-7-2018-q2-update/bin/../lib/gcc/arm-none-eabi/7.3.1/../../../../arm-none-eabi/lib/thumb/v6-m/libc_nano.a(lib_a-sbrkr.o)
 .ARM.attributes
                0x00000000000005b7       0x2c /home/janhenrik/programme/gcc-arm-none-eabi-7-2018-q2-update/bin/../lib/gcc/arm-none-eabi/7.3.1/../../../../arm-none-eabi/lib/thumb/v6-m/libc_nano.a(lib_a-mlock.o)
 .ARM.attributes
                0x00000000000005e3       0x2c /home/janhenrik/programme/gcc-arm-none-eabi-7-2018-q2-update/bin/../lib/gcc/arm-none-eabi/7.3.1/../../../../arm-none-eabi/lib/thumb/v6-m/libc_nano.a(lib_a-nano-msizer.o)
 .ARM.attributes
                0x000000000000060f       0x2c /home/janhenrik/programme/gcc-arm-none-eabi-7-2018-q2-update/bin/../lib/gcc/arm-none-eabi/7.3.1/../../../../arm-none-eabi/lib/thumb/v6-m/libc_nano.a(lib_a-reent.o)
 .ARM.attributes
                0x000000000000063b       0x2c /home/janhenrik/programme/gcc-arm-none-eabi-7-2018-q2-update/bin/../lib/gcc/arm-none-eabi/7.3.1/../../../../arm-none-eabi/lib/thumb/v6-m/libnosys.a(sbrk.o)
 .ARM.attributes
                0x0000000000000667       0x1e /home/janhenrik/programme/gcc-arm-none-eabi-7-2018-q2-update/bin/../lib/gcc/arm-none-eabi/7.3.1/thumb/v6-m/libgcc.a(_udivsi3.o)
 .ARM.attributes
                0x0000000000000685       0x1e /home/janhenrik/programme/gcc-arm-none-eabi-7-2018-q2-update/bin/../lib/gcc/arm-none-eabi/7.3.1/thumb/v6-m/libgcc.a(_dvmd_tls.o)
 .ARM.attributes
                0x00000000000006a3       0x1e /home/janhenrik/programme/gcc-arm-none-eabi-7-2018-q2-update/bin/../lib/gcc/arm-none-eabi/7.3.1/thumb/v6-m/libgcc.a(_arm_cmpsf2.o)
 .ARM.attributes
                0x00000000000006c1       0x2c /home/janhenrik/programme/gcc-arm-none-eabi-7-2018-q2-update/bin/../lib/gcc/arm-none-eabi/7.3.1/thumb/v6-m/libgcc.a(_fixunssfsi.o)
 .ARM.attributes
                0x00000000000006ed       0x2c /home/janhenrik/programme/gcc-arm-none-eabi-7-2018-q2-update/bin/../lib/gcc/arm-none-eabi/7.3.1/thumb/v6-m/libgcc.a(addsf3.o)
 .ARM.attributes
                0x0000000000000719       0x2c /home/janhenrik/programme/gcc-arm-none-eabi-7-2018-q2-update/bin/../lib/gcc/arm-none-eabi/7.3.1/thumb/v6-m/libgcc.a(divsf3.o)
 .ARM.attributes
                0x0000000000000745       0x2c /home/janhenrik/programme/gcc-arm-none-eabi-7-2018-q2-update/bin/../lib/gcc/arm-none-eabi/7.3.1/thumb/v6-m/libgcc.a(eqsf2.o)
 .ARM.attributes
                0x0000000000000771       0x2c /home/janhenrik/programme/gcc-arm-none-eabi-7-2018-q2-update/bin/../lib/gcc/arm-none-eabi/7.3.1/thumb/v6-m/libgcc.a(gesf2.o)
 .ARM.attributes
                0x000000000000079d       0x2c /home/janhenrik/programme/gcc-arm-none-eabi-7-2018-q2-update/bin/../lib/gcc/arm-none-eabi/7.3.1/thumb/v6-m/libgcc.a(lesf2.o)
 .ARM.attributes
                0x00000000000007c9       0x2c /home/janhenrik/programme/gcc-arm-none-eabi-7-2018-q2-update/bin/../lib/gcc/arm-none-eabi/7.3.1/thumb/v6-m/libgcc.a(mulsf3.o)
 .ARM.attributes
                0x00000000000007f5       0x2c /home/janhenrik/programme/gcc-arm-none-eabi-7-2018-q2-update/bin/../lib/gcc/arm-none-eabi/7.3.1/thumb/v6-m/libgcc.a(subsf3.o)
 .ARM.attributes
                0x0000000000000821       0x2c /home/janhenrik/programme/gcc-arm-none-eabi-7-2018-q2-update/bin/../lib/gcc/arm-none-eabi/7.3.1/thumb/v6-m/libgcc.a(fixsfsi.o)
 .ARM.attributes
                0x000000000000084d       0x2c /home/janhenrik/programme/gcc-arm-none-eabi-7-2018-q2-update/bin/../lib/gcc/arm-none-eabi/7.3.1/thumb/v6-m/libgcc.a(floatsisf.o)
 .ARM.attributes
                0x0000000000000879       0x2c /home/janhenrik/programme/gcc-arm-none-eabi-7-2018-q2-update/bin/../lib/gcc/arm-none-eabi/7.3.1/thumb/v6-m/libgcc.a(floatunsisf.o)
 .ARM.attributes
                0x00000000000008a5       0x2c /home/janhenrik/programme/gcc-arm-none-eabi-7-2018-q2-update/bin/../lib/gcc/arm-none-eabi/7.3.1/thumb/v6-m/libgcc.a(divdf3.o)
 .ARM.attributes
                0x00000000000008d1       0x2c /home/janhenrik/programme/gcc-arm-none-eabi-7-2018-q2-update/bin/../lib/gcc/arm-none-eabi/7.3.1/thumb/v6-m/libgcc.a(muldf3.o)
 .ARM.attributes
                0x00000000000008fd       0x2c /home/janhenrik/programme/gcc-arm-none-eabi-7-2018-q2-update/bin/../lib/gcc/arm-none-eabi/7.3.1/thumb/v6-m/libgcc.a(subdf3.o)
 .ARM.attributes
                0x0000000000000929       0x2c /home/janhenrik/programme/gcc-arm-none-eabi-7-2018-q2-update/bin/../lib/gcc/arm-none-eabi/7.3.1/thumb/v6-m/libgcc.a(floatsidf.o)
 .ARM.attributes
                0x0000000000000955       0x2c /home/janhenrik/programme/gcc-arm-none-eabi-7-2018-q2-update/bin/../lib/gcc/arm-none-eabi/7.3.1/thumb/v6-m/libgcc.a(extendsfdf2.o)
 .ARM.attributes
                0x0000000000000981       0x2c /home/janhenrik/programme/gcc-arm-none-eabi-7-2018-q2-update/bin/../lib/gcc/arm-none-eabi/7.3.1/thumb/v6-m/libgcc.a(truncdfsf2.o)
 .ARM.attributes
                0x00000000000009ad       0x1e /home/janhenrik/programme/gcc-arm-none-eabi-7-2018-q2-update/bin/../lib/gcc/arm-none-eabi/7.3.1/thumb/v6-m/libgcc.a(_clzsi2.o)
 .ARM.attributes
                0x00000000000009cb       0x1e /home/janhenrik/programme/gcc-arm-none-eabi-7-2018-q2-update/bin/../lib/gcc/arm-none-eabi/7.3.1/thumb/v6-m/crtn.o
OUTPUT(build/firmware.elf elf32-littlearm)

.debug_info     0x0000000000000000    0x1b3f1
 .debug_info    0x0000000000000000     0x31a8 build/main.o
 .debug_info    0x00000000000031a8     0x128f build/stm32f0xx_it.o
 .debug_info    0x0000000000004437     0x20c7 build/stm32f0xx_hal_msp.o
 .debug_info    0x00000000000064fe     0x1875 build/stm32f0xx_hal_adc.o
 .debug_info    0x0000000000007d73     0x3c62 build/stm32f0xx_hal_i2c.o
 .debug_info    0x000000000000b9d5     0x123b build/stm32f0xx_hal_i2c_ex.o
 .debug_info    0x000000000000cc10     0x3a9f build/stm32f0xx_hal_tim.o
 .debug_info    0x00000000000106af     0x1daf build/stm32f0xx_hal_tim_ex.o
 .debug_info    0x000000000001245e     0x1d6b build/stm32f0xx_hal_pcd.o
 .debug_info    0x00000000000141c9     0x1321 build/stm32f0xx_hal_rcc.o
 .debug_info    0x00000000000154ea     0x106a build/stm32f0xx_hal_rcc_ex.o
 .debug_info    0x0000000000016554     0x1016 build/stm32f0xx_hal.o
 .debug_info    0x000000000001756a      0xfc3 build/stm32f0xx_hal_gpio.o
 .debug_info    0x000000000001852d     0x118f build/stm32f0xx_hal_dma.o
 .debug_info    0x00000000000196bc     0x114e build/stm32f0xx_hal_cortex.o
 .debug_info    0x000000000001a80a      0xbc5 build/system_stm32f0xx.o
 .debug_info    0x000000000001b3cf       0x22 build/startup_stm32f072xb.o

.debug_abbrev   0x0000000000000000     0x2e5c
 .debug_abbrev  0x0000000000000000      0x3bf build/main.o
 .debug_abbrev  0x00000000000003bf      0x215 build/stm32f0xx_it.o
 .debug_abbrev  0x00000000000005d4      0x2df build/stm32f0xx_hal_msp.o
 .debug_abbrev  0x00000000000008b3      0x308 build/stm32f0xx_hal_adc.o
 .debug_abbrev  0x0000000000000bbb      0x329 build/stm32f0xx_hal_i2c.o
 .debug_abbrev  0x0000000000000ee4      0x247 build/stm32f0xx_hal_i2c_ex.o
 .debug_abbrev  0x000000000000112b      0x310 build/stm32f0xx_hal_tim.o
 .debug_abbrev  0x000000000000143b      0x2f8 build/stm32f0xx_hal_tim_ex.o
 .debug_abbrev  0x0000000000001733      0x38d build/stm32f0xx_hal_pcd.o
 .debug_abbrev  0x0000000000001ac0      0x2e6 build/stm32f0xx_hal_rcc.o
 .debug_abbrev  0x0000000000001da6      0x2d5 build/stm32f0xx_hal_rcc_ex.o
 .debug_abbrev  0x000000000000207b      0x2d9 build/stm32f0xx_hal.o
 .debug_abbrev  0x0000000000002354      0x2be build/stm32f0xx_hal_gpio.o
 .debug_abbrev  0x0000000000002612      0x2dd build/stm32f0xx_hal_dma.o
 .debug_abbrev  0x00000000000028ef      0x32e build/stm32f0xx_hal_cortex.o
 .debug_abbrev  0x0000000000002c1d      0x22d build/system_stm32f0xx.o
 .debug_abbrev  0x0000000000002e4a       0x12 build/startup_stm32f072xb.o

.debug_loc      0x0000000000000000     0xeade
 .debug_loc     0x0000000000000000      0x571 build/main.o
 .debug_loc     0x0000000000000571       0xa0 build/stm32f0xx_it.o
 .debug_loc     0x0000000000000611      0x35f build/stm32f0xx_hal_msp.o
 .debug_loc     0x0000000000000970      0xeaa build/stm32f0xx_hal_adc.o
 .debug_loc     0x000000000000181a     0x4240 build/stm32f0xx_hal_i2c.o
 .debug_loc     0x0000000000005a5a      0x305 build/stm32f0xx_hal_i2c_ex.o
 .debug_loc     0x0000000000005d5f     0x416b build/stm32f0xx_hal_tim.o
 .debug_loc     0x0000000000009eca     0x167a build/stm32f0xx_hal_tim_ex.o
 .debug_loc     0x000000000000b544     0x1408 build/stm32f0xx_hal_pcd.o
 .debug_loc     0x000000000000c94c      0x5d5 build/stm32f0xx_hal_rcc.o
 .debug_loc     0x000000000000cf21      0x857 build/stm32f0xx_hal_rcc_ex.o
 .debug_loc     0x000000000000d778      0x108 build/stm32f0xx_hal.o
 .debug_loc     0x000000000000d880      0x3a2 build/stm32f0xx_hal_gpio.o
 .debug_loc     0x000000000000dc22      0x95a build/stm32f0xx_hal_dma.o
 .debug_loc     0x000000000000e57c      0x3d3 build/stm32f0xx_hal_cortex.o
 .debug_loc     0x000000000000e94f      0x18f build/system_stm32f0xx.o

.debug_aranges  0x0000000000000000      0xe58
 .debug_aranges
                0x0000000000000000       0xa8 build/main.o
 .debug_aranges
                0x00000000000000a8       0x60 build/stm32f0xx_it.o
 .debug_aranges
                0x0000000000000108       0x68 build/stm32f0xx_hal_msp.o
 .debug_aranges
                0x0000000000000170       0xf8 build/stm32f0xx_hal_adc.o
 .debug_aranges
                0x0000000000000268      0x260 build/stm32f0xx_hal_i2c.o
 .debug_aranges
                0x00000000000004c8       0x48 build/stm32f0xx_hal_i2c_ex.o
 .debug_aranges
                0x0000000000000510      0x378 build/stm32f0xx_hal_tim.o
 .debug_aranges
                0x0000000000000888      0x148 build/stm32f0xx_hal_tim_ex.o
 .debug_aranges
                0x00000000000009d0      0x130 build/stm32f0xx_hal_pcd.o
 .debug_aranges
                0x0000000000000b00       0x80 build/stm32f0xx_hal_rcc.o
 .debug_aranges
                0x0000000000000b80       0x78 build/stm32f0xx_hal_rcc_ex.o
 .debug_aranges
                0x0000000000000bf8       0xb8 build/stm32f0xx_hal.o
 .debug_aranges
                0x0000000000000cb0       0x58 build/stm32f0xx_hal_gpio.o
 .debug_aranges
                0x0000000000000d08       0x88 build/stm32f0xx_hal_dma.o
 .debug_aranges
                0x0000000000000d90       0x78 build/stm32f0xx_hal_cortex.o
 .debug_aranges
                0x0000000000000e08       0x28 build/system_stm32f0xx.o
 .debug_aranges
                0x0000000000000e30       0x28 build/startup_stm32f072xb.o

.debug_ranges   0x0000000000000000      0xee8
 .debug_ranges  0x0000000000000000       0xc8 build/main.o
 .debug_ranges  0x00000000000000c8       0x50 build/stm32f0xx_it.o
 .debug_ranges  0x0000000000000118       0x58 build/stm32f0xx_hal_msp.o
 .debug_ranges  0x0000000000000170       0xe8 build/stm32f0xx_hal_adc.o
 .debug_ranges  0x0000000000000258      0x250 build/stm32f0xx_hal_i2c.o
 .debug_ranges  0x00000000000004a8       0x38 build/stm32f0xx_hal_i2c_ex.o
 .debug_ranges  0x00000000000004e0      0x368 build/stm32f0xx_hal_tim.o
 .debug_ranges  0x0000000000000848      0x138 build/stm32f0xx_hal_tim_ex.o
 .debug_ranges  0x0000000000000980      0x210 build/stm32f0xx_hal_pcd.o
 .debug_ranges  0x0000000000000b90       0x88 build/stm32f0xx_hal_rcc.o
 .debug_ranges  0x0000000000000c18       0x80 build/stm32f0xx_hal_rcc_ex.o
 .debug_ranges  0x0000000000000c98       0xa8 build/stm32f0xx_hal.o
 .debug_ranges  0x0000000000000d40       0x48 build/stm32f0xx_hal_gpio.o
 .debug_ranges  0x0000000000000d88       0x78 build/stm32f0xx_hal_dma.o
 .debug_ranges  0x0000000000000e00       0xb0 build/stm32f0xx_hal_cortex.o
 .debug_ranges  0x0000000000000eb0       0x18 build/system_stm32f0xx.o
 .debug_ranges  0x0000000000000ec8       0x20 build/startup_stm32f072xb.o

.debug_line     0x0000000000000000     0x7036
 .debug_line    0x0000000000000000      0x6dd build/main.o
 .debug_line    0x00000000000006dd      0x30c build/stm32f0xx_it.o
 .debug_line    0x00000000000009e9      0x3fa build/stm32f0xx_hal_msp.o
 .debug_line    0x0000000000000de3      0x7de build/stm32f0xx_hal_adc.o
 .debug_line    0x00000000000015c1     0x13c2 build/stm32f0xx_hal_i2c.o
 .debug_line    0x0000000000002983      0x3ae build/stm32f0xx_hal_i2c_ex.o
 .debug_line    0x0000000000002d31     0x1404 build/stm32f0xx_hal_tim.o
 .debug_line    0x0000000000004135      0x8a6 build/stm32f0xx_hal_tim_ex.o
 .debug_line    0x00000000000049db      0x90d build/stm32f0xx_hal_pcd.o
 .debug_line    0x00000000000052e8      0x54e build/stm32f0xx_hal_rcc.o
 .debug_line    0x0000000000005836      0x4f6 build/stm32f0xx_hal_rcc_ex.o
 .debug_line    0x0000000000005d2c      0x406 build/stm32f0xx_hal.o
 .debug_line    0x0000000000006132      0x3c0 build/stm32f0xx_hal_gpio.o
 .debug_line    0x00000000000064f2      0x4c2 build/stm32f0xx_hal_dma.o
 .debug_line    0x00000000000069b4      0x3a5 build/stm32f0xx_hal_cortex.o
 .debug_line    0x0000000000006d59      0x265 build/system_stm32f0xx.o
 .debug_line    0x0000000000006fbe       0x78 build/startup_stm32f072xb.o

.debug_str      0x0000000000000000     0x454f
 .debug_str     0x0000000000000000     0x19cf build/main.o
                                       0x1af3 (size before relaxing)
 .debug_str     0x00000000000019cf      0x101 build/stm32f0xx_it.o
                                        0xba7 (size before relaxing)
 .debug_str     0x0000000000001ad0       0xfc build/stm32f0xx_hal_msp.o
                                       0x13fb (size before relaxing)
 .debug_str     0x0000000000001bcc      0x2d7 build/stm32f0xx_hal_adc.o
                                        0xcad (size before relaxing)
 .debug_str     0x0000000000001ea3      0x76a build/stm32f0xx_hal_i2c.o
                                       0x126a (size before relaxing)
 .debug_str     0x000000000000260d       0xd4 build/stm32f0xx_hal_i2c_ex.o
                                        0xbd0 (size before relaxing)
 .debug_str     0x00000000000026e1      0xbf7 build/stm32f0xx_hal_tim.o
                                       0x1782 (size before relaxing)
 .debug_str     0x00000000000032d8      0x3f4 build/stm32f0xx_hal_tim_ex.o
                                       0x10ae (size before relaxing)
 .debug_str     0x00000000000036cc      0x3ac build/stm32f0xx_hal_pcd.o
                                        0xc93 (size before relaxing)
 .debug_str     0x0000000000003a78      0x1ce build/stm32f0xx_hal_rcc.o
                                        0x9eb (size before relaxing)
 .debug_str     0x0000000000003c46      0x27c build/stm32f0xx_hal_rcc_ex.o
                                        0xa0e (size before relaxing)
 .debug_str     0x0000000000003ec2      0x1a5 build/stm32f0xx_hal.o
                                        0xa3c (size before relaxing)
 .debug_str     0x0000000000004067      0x10f build/stm32f0xx_hal_gpio.o
                                        0x807 (size before relaxing)
 .debug_str     0x0000000000004176      0x1e5 build/stm32f0xx_hal_dma.o
                                        0xa16 (size before relaxing)
 .debug_str     0x000000000000435b      0x170 build/stm32f0xx_hal_cortex.o
                                        0xa44 (size before relaxing)
 .debug_str     0x00000000000044cb       0x60 build/system_stm32f0xx.o
                                        0x655 (size before relaxing)
 .debug_str     0x000000000000452b       0x24 build/startup_stm32f072xb.o
                                         0x4e (size before relaxing)

.comment        0x0000000000000000       0x7f
 .comment       0x0000000000000000       0x7f build/main.o
                                         0x80 (size before relaxing)
 .comment       0x000000000000007f       0x80 build/stm32f0xx_it.o
 .comment       0x000000000000007f       0x80 build/stm32f0xx_hal_msp.o
 .comment       0x000000000000007f       0x80 build/stm32f0xx_hal_adc.o
 .comment       0x000000000000007f       0x80 build/stm32f0xx_hal_i2c.o
 .comment       0x000000000000007f       0x80 build/stm32f0xx_hal_i2c_ex.o
 .comment       0x000000000000007f       0x80 build/stm32f0xx_hal_tim.o
 .comment       0x000000000000007f       0x80 build/stm32f0xx_hal_tim_ex.o
 .comment       0x000000000000007f       0x80 build/stm32f0xx_hal_pcd.o
 .comment       0x000000000000007f       0x80 build/stm32f0xx_hal_rcc.o
 .comment       0x000000000000007f       0x80 build/stm32f0xx_hal_rcc_ex.o
 .comment       0x000000000000007f       0x80 build/stm32f0xx_hal.o
 .comment       0x000000000000007f       0x80 build/stm32f0xx_hal_gpio.o
 .comment       0x000000000000007f       0x80 build/stm32f0xx_hal_dma.o
 .comment       0x000000000000007f       0x80 build/stm32f0xx_hal_cortex.o
 .comment       0x000000000000007f       0x80 build/system_stm32f0xx.o

.debug_frame    0x0000000000000000     0x30b8
 .debug_frame   0x0000000000000000      0x244 build/main.o
 .debug_frame   0x0000000000000244       0xdc build/stm32f0xx_it.o
 .debug_frame   0x0000000000000320      0x110 build/stm32f0xx_hal_msp.o
 .debug_frame   0x0000000000000430      0x2f8 build/stm32f0xx_hal_adc.o
 .debug_frame   0x0000000000000728      0x880 build/stm32f0xx_hal_i2c.o
 .debug_frame   0x0000000000000fa8       0xc0 build/stm32f0xx_hal_i2c_ex.o
 .debug_frame   0x0000000000001068      0xaf0 build/stm32f0xx_hal_tim.o
 .debug_frame   0x0000000000001b58      0x418 build/stm32f0xx_hal_tim_ex.o
 .debug_frame   0x0000000000001f70      0x324 build/stm32f0xx_hal_pcd.o
 .debug_frame   0x0000000000002294      0x14c build/stm32f0xx_hal_rcc.o
 .debug_frame   0x00000000000023e0      0x10c build/stm32f0xx_hal_rcc_ex.o
 .debug_frame   0x00000000000024ec      0x184 build/stm32f0xx_hal.o
 .debug_frame   0x0000000000002670       0xdc build/stm32f0xx_hal_gpio.o
 .debug_frame   0x000000000000274c      0x198 build/stm32f0xx_hal_dma.o
 .debug_frame   0x00000000000028e4       0xec build/stm32f0xx_hal_cortex.o
 .debug_frame   0x00000000000029d0       0x48 build/system_stm32f0xx.o
 .debug_frame   0x0000000000002a18       0x2c /home/janhenrik/programme/gcc-arm-none-eabi-7-2018-q2-update/bin/../lib/gcc/arm-none-eabi/7.3.1/../../../../arm-none-eabi/lib/thumb/v6-m/libc_nano.a(lib_a-init.o)
 .debug_frame   0x0000000000002a44       0x28 /home/janhenrik/programme/gcc-arm-none-eabi-7-2018-q2-update/bin/../lib/gcc/arm-none-eabi/7.3.1/../../../../arm-none-eabi/lib/thumb/v6-m/libc_nano.a(lib_a-memcpy-stub.o)
 .debug_frame   0x0000000000002a6c       0x20 /home/janhenrik/programme/gcc-arm-none-eabi-7-2018-q2-update/bin/../lib/gcc/arm-none-eabi/7.3.1/../../../../arm-none-eabi/lib/thumb/v6-m/libc_nano.a(lib_a-memset.o)
 .debug_frame   0x0000000000002a8c       0x48 /home/janhenrik/programme/gcc-arm-none-eabi-7-2018-q2-update/bin/../lib/gcc/arm-none-eabi/7.3.1/../../../../arm-none-eabi/lib/thumb/v6-m/libc_nano.a(lib_a-sprintf.o)
 .debug_frame   0x0000000000002ad4       0x74 /home/janhenrik/programme/gcc-arm-none-eabi-7-2018-q2-update/bin/../lib/gcc/arm-none-eabi/7.3.1/../../../../arm-none-eabi/lib/thumb/v6-m/libc_nano.a(lib_a-nano-svfprintf.o)
 .debug_frame   0x0000000000002b48       0x54 /home/janhenrik/programme/gcc-arm-none-eabi-7-2018-q2-update/bin/../lib/gcc/arm-none-eabi/7.3.1/../../../../arm-none-eabi/lib/thumb/v6-m/libc_nano.a(lib_a-nano-vfprintf_i.o)
 .debug_frame   0x0000000000002b9c       0x20 /home/janhenrik/programme/gcc-arm-none-eabi-7-2018-q2-update/bin/../lib/gcc/arm-none-eabi/7.3.1/../../../../arm-none-eabi/lib/thumb/v6-m/libc_nano.a(lib_a-memchr-stub.o)
 .debug_frame   0x0000000000002bbc       0x28 /home/janhenrik/programme/gcc-arm-none-eabi-7-2018-q2-update/bin/../lib/gcc/arm-none-eabi/7.3.1/../../../../arm-none-eabi/lib/thumb/v6-m/libc_nano.a(lib_a-memmove.o)
 .debug_frame   0x0000000000002be4       0x2c /home/janhenrik/programme/gcc-arm-none-eabi-7-2018-q2-update/bin/../lib/gcc/arm-none-eabi/7.3.1/../../../../arm-none-eabi/lib/thumb/v6-m/libc_nano.a(lib_a-nano-freer.o)
 .debug_frame   0x0000000000002c10       0x2c /home/janhenrik/programme/gcc-arm-none-eabi-7-2018-q2-update/bin/../lib/gcc/arm-none-eabi/7.3.1/../../../../arm-none-eabi/lib/thumb/v6-m/libc_nano.a(lib_a-nano-mallocr.o)
 .debug_frame   0x0000000000002c3c       0x30 /home/janhenrik/programme/gcc-arm-none-eabi-7-2018-q2-update/bin/../lib/gcc/arm-none-eabi/7.3.1/../../../../arm-none-eabi/lib/thumb/v6-m/libc_nano.a(lib_a-nano-reallocr.o)
 .debug_frame   0x0000000000002c6c       0x2c /home/janhenrik/programme/gcc-arm-none-eabi-7-2018-q2-update/bin/../lib/gcc/arm-none-eabi/7.3.1/../../../../arm-none-eabi/lib/thumb/v6-m/libc_nano.a(lib_a-sbrkr.o)
 .debug_frame   0x0000000000002c98       0x30 /home/janhenrik/programme/gcc-arm-none-eabi-7-2018-q2-update/bin/../lib/gcc/arm-none-eabi/7.3.1/../../../../arm-none-eabi/lib/thumb/v6-m/libc_nano.a(lib_a-mlock.o)
 .debug_frame   0x0000000000002cc8       0x20 /home/janhenrik/programme/gcc-arm-none-eabi-7-2018-q2-update/bin/../lib/gcc/arm-none-eabi/7.3.1/../../../../arm-none-eabi/lib/thumb/v6-m/libc_nano.a(lib_a-nano-msizer.o)
 .debug_frame   0x0000000000002ce8       0x48 /home/janhenrik/programme/gcc-arm-none-eabi-7-2018-q2-update/bin/../lib/gcc/arm-none-eabi/7.3.1/../../../../arm-none-eabi/lib/thumb/v6-m/libc_nano.a(lib_a-reent.o)
 .debug_frame   0x0000000000002d30       0x20 /home/janhenrik/programme/gcc-arm-none-eabi-7-2018-q2-update/bin/../lib/gcc/arm-none-eabi/7.3.1/../../../../arm-none-eabi/lib/thumb/v6-m/libnosys.a(sbrk.o)
 .debug_frame   0x0000000000002d50       0x20 /home/janhenrik/programme/gcc-arm-none-eabi-7-2018-q2-update/bin/../lib/gcc/arm-none-eabi/7.3.1/thumb/v6-m/libgcc.a(_udivsi3.o)
 .debug_frame   0x0000000000002d70       0x28 /home/janhenrik/programme/gcc-arm-none-eabi-7-2018-q2-update/bin/../lib/gcc/arm-none-eabi/7.3.1/thumb/v6-m/libgcc.a(_fixunssfsi.o)
 .debug_frame   0x0000000000002d98       0x38 /home/janhenrik/programme/gcc-arm-none-eabi-7-2018-q2-update/bin/../lib/gcc/arm-none-eabi/7.3.1/thumb/v6-m/libgcc.a(addsf3.o)
 .debug_frame   0x0000000000002dd0       0x3c /home/janhenrik/programme/gcc-arm-none-eabi-7-2018-q2-update/bin/../lib/gcc/arm-none-eabi/7.3.1/thumb/v6-m/libgcc.a(divsf3.o)
 .debug_frame   0x0000000000002e0c       0x2c /home/janhenrik/programme/gcc-arm-none-eabi-7-2018-q2-update/bin/../lib/gcc/arm-none-eabi/7.3.1/thumb/v6-m/libgcc.a(eqsf2.o)
 .debug_frame   0x0000000000002e38       0x2c /home/janhenrik/programme/gcc-arm-none-eabi-7-2018-q2-update/bin/../lib/gcc/arm-none-eabi/7.3.1/thumb/v6-m/libgcc.a(gesf2.o)
 .debug_frame   0x0000000000002e64       0x2c /home/janhenrik/programme/gcc-arm-none-eabi-7-2018-q2-update/bin/../lib/gcc/arm-none-eabi/7.3.1/thumb/v6-m/libgcc.a(lesf2.o)
 .debug_frame   0x0000000000002e90       0x3c /home/janhenrik/programme/gcc-arm-none-eabi-7-2018-q2-update/bin/../lib/gcc/arm-none-eabi/7.3.1/thumb/v6-m/libgcc.a(mulsf3.o)
 .debug_frame   0x0000000000002ecc       0x38 /home/janhenrik/programme/gcc-arm-none-eabi-7-2018-q2-update/bin/../lib/gcc/arm-none-eabi/7.3.1/thumb/v6-m/libgcc.a(subsf3.o)
 .debug_frame   0x0000000000002f04       0x20 /home/janhenrik/programme/gcc-arm-none-eabi-7-2018-q2-update/bin/../lib/gcc/arm-none-eabi/7.3.1/thumb/v6-m/libgcc.a(fixsfsi.o)
 .debug_frame   0x0000000000002f24       0x2c /home/janhenrik/programme/gcc-arm-none-eabi-7-2018-q2-update/bin/../lib/gcc/arm-none-eabi/7.3.1/thumb/v6-m/libgcc.a(floatsisf.o)
 .debug_frame   0x0000000000002f50       0x2c /home/janhenrik/programme/gcc-arm-none-eabi-7-2018-q2-update/bin/../lib/gcc/arm-none-eabi/7.3.1/thumb/v6-m/libgcc.a(floatunsisf.o)
 .debug_frame   0x0000000000002f7c       0x3c /home/janhenrik/programme/gcc-arm-none-eabi-7-2018-q2-update/bin/../lib/gcc/arm-none-eabi/7.3.1/thumb/v6-m/libgcc.a(divdf3.o)
 .debug_frame   0x0000000000002fb8       0x3c /home/janhenrik/programme/gcc-arm-none-eabi-7-2018-q2-update/bin/../lib/gcc/arm-none-eabi/7.3.1/thumb/v6-m/libgcc.a(muldf3.o)
 .debug_frame   0x0000000000002ff4       0x3c /home/janhenrik/programme/gcc-arm-none-eabi-7-2018-q2-update/bin/../lib/gcc/arm-none-eabi/7.3.1/thumb/v6-m/libgcc.a(subdf3.o)
 .debug_frame   0x0000000000003030       0x2c /home/janhenrik/programme/gcc-arm-none-eabi-7-2018-q2-update/bin/../lib/gcc/arm-none-eabi/7.3.1/thumb/v6-m/libgcc.a(floatsidf.o)
 .debug_frame   0x000000000000305c       0x2c /home/janhenrik/programme/gcc-arm-none-eabi-7-2018-q2-update/bin/../lib/gcc/arm-none-eabi/7.3.1/thumb/v6-m/libgcc.a(extendsfdf2.o)
 .debug_frame   0x0000000000003088       0x30 /home/janhenrik/programme/gcc-arm-none-eabi-7-2018-q2-update/bin/../lib/gcc/arm-none-eabi/7.3.1/thumb/v6-m/libgcc.a(truncdfsf2.o)

Cross Reference Table

Symbol                                            File
ADC1_COMP_IRQHandler                              build/stm32f0xx_it.o
AHBPrescTable                                     build/system_stm32f0xx.o
                                                  build/stm32f0xx_hal_rcc.o
APBPrescTable                                     build/system_stm32f0xx.o
                                                  build/stm32f0xx_hal_rcc.o
CEC_CAN_IRQHandler                                build/startup_stm32f072xb.o
DMA1_Channel1_IRQHandler                          build/stm32f0xx_it.o
DMA1_Channel2_3_IRQHandler                        build/startup_stm32f072xb.o
DMA1_Channel4_5_6_7_IRQHandler                    build/startup_stm32f072xb.o
Default_Handler                                   build/startup_stm32f072xb.o
EXTI0_1_IRQHandler                                build/startup_stm32f072xb.o
EXTI2_3_IRQHandler                                build/startup_stm32f072xb.o
EXTI4_15_IRQHandler                               build/startup_stm32f072xb.o
Error_Handler                                     build/main.o
FLASH_IRQHandler                                  build/startup_stm32f072xb.o
FLASH_PageErase                                   build/stm32f0xx_hal_flash_ex.o
                                                  build/stm32f0xx_hal_flash.o
FLASH_WaitForLastOperation                        build/stm32f0xx_hal_flash.o
                                                  build/stm32f0xx_hal_flash_ex.o
HAL_ADCEx_Calibration_Start                       build/stm32f0xx_hal_adc_ex.o
HAL_ADC_AnalogWDGConfig                           build/stm32f0xx_hal_adc.o
HAL_ADC_ConfigChannel                             build/stm32f0xx_hal_adc.o
                                                  build/main.o
HAL_ADC_ConvCpltCallback                          build/stm32f0xx_hal_adc.o
HAL_ADC_ConvHalfCpltCallback                      build/stm32f0xx_hal_adc.o
HAL_ADC_DeInit                                    build/stm32f0xx_hal_adc.o
HAL_ADC_ErrorCallback                             build/stm32f0xx_hal_adc.o
HAL_ADC_GetError                                  build/stm32f0xx_hal_adc.o
HAL_ADC_GetState                                  build/stm32f0xx_hal_adc.o
HAL_ADC_GetValue                                  build/stm32f0xx_hal_adc.o
HAL_ADC_IRQHandler                                build/stm32f0xx_hal_adc.o
                                                  build/stm32f0xx_it.o
HAL_ADC_Init                                      build/stm32f0xx_hal_adc.o
                                                  build/main.o
HAL_ADC_LevelOutOfWindowCallback                  build/stm32f0xx_hal_adc.o
HAL_ADC_MspDeInit                                 build/stm32f0xx_hal_msp.o
HAL_ADC_MspInit                                   build/stm32f0xx_hal_msp.o
                                                  build/main.o
HAL_ADC_PollForConversion                         build/stm32f0xx_hal_adc.o
HAL_ADC_PollForEvent                              build/stm32f0xx_hal_adc.o
HAL_ADC_Start                                     build/stm32f0xx_hal_adc.o
HAL_ADC_Start_DMA                                 build/stm32f0xx_hal_adc.o
                                                  build/main.o
HAL_ADC_Start_IT                                  build/stm32f0xx_hal_adc.o
HAL_ADC_Stop                                      build/stm32f0xx_hal_adc.o
HAL_ADC_Stop_DMA                                  build/stm32f0xx_hal_adc.o
HAL_ADC_Stop_IT                                   build/stm32f0xx_hal_adc.o
HAL_DBGMCU_DisableDBGStandbyMode                  build/stm32f0xx_hal.o
HAL_DBGMCU_DisableDBGStopMode                     build/stm32f0xx_hal.o
HAL_DBGMCU_EnableDBGStandbyMode                   build/stm32f0xx_hal.o
HAL_DBGMCU_EnableDBGStopMode                      build/stm32f0xx_hal.o
HAL_DMA_Abort                                     build/stm32f0xx_hal_dma.o
                                                  build/stm32f0xx_hal_tim.o
                                                  build/stm32f0xx_hal_adc.o
HAL_DMA_Abort_IT                                  build/stm32f0xx_hal_dma.o
                                                  build/stm32f0xx_hal_i2c.o
HAL_DMA_DeInit                                    build/stm32f0xx_hal_dma.o
                                                  build/stm32f0xx_hal_msp.o
HAL_DMA_GetError                                  build/stm32f0xx_hal_dma.o
HAL_DMA_GetState                                  build/stm32f0xx_hal_dma.o
HAL_DMA_IRQHandler                                build/stm32f0xx_hal_dma.o
                                                  build/stm32f0xx_it.o
HAL_DMA_Init                                      build/stm32f0xx_hal_dma.o
                                                  build/stm32f0xx_hal_msp.o
HAL_DMA_PollForTransfer                           build/stm32f0xx_hal_dma.o
HAL_DMA_RegisterCallback                          build/stm32f0xx_hal_dma.o
HAL_DMA_Start                                     build/stm32f0xx_hal_dma.o
HAL_DMA_Start_IT                                  build/stm32f0xx_hal_dma.o
                                                  build/stm32f0xx_hal_tim_ex.o
                                                  build/stm32f0xx_hal_tim.o
                                                  build/stm32f0xx_hal_i2c.o
                                                  build/stm32f0xx_hal_adc.o
HAL_DMA_UnRegisterCallback                        build/stm32f0xx_hal_dma.o
HAL_DeInit                                        build/stm32f0xx_hal.o
HAL_Delay                                         build/stm32f0xx_hal.o
                                                  build/main.o
HAL_FLASHEx_Erase                                 build/stm32f0xx_hal_flash_ex.o
HAL_FLASHEx_Erase_IT                              build/stm32f0xx_hal_flash_ex.o
HAL_FLASHEx_OBErase                               build/stm32f0xx_hal_flash_ex.o
HAL_FLASHEx_OBGetConfig                           build/stm32f0xx_hal_flash_ex.o
HAL_FLASHEx_OBGetUserData                         build/stm32f0xx_hal_flash_ex.o
HAL_FLASHEx_OBProgram                             build/stm32f0xx_hal_flash_ex.o
HAL_FLASH_EndOfOperationCallback                  build/stm32f0xx_hal_flash.o
HAL_FLASH_GetError                                build/stm32f0xx_hal_flash.o
HAL_FLASH_IRQHandler                              build/stm32f0xx_hal_flash.o
HAL_FLASH_Lock                                    build/stm32f0xx_hal_flash.o
HAL_FLASH_OB_Launch                               build/stm32f0xx_hal_flash.o
HAL_FLASH_OB_Lock                                 build/stm32f0xx_hal_flash.o
HAL_FLASH_OB_Unlock                               build/stm32f0xx_hal_flash.o
HAL_FLASH_OperationErrorCallback                  build/stm32f0xx_hal_flash.o
HAL_FLASH_Program                                 build/stm32f0xx_hal_flash.o
HAL_FLASH_Program_IT                              build/stm32f0xx_hal_flash.o
HAL_FLASH_Unlock                                  build/stm32f0xx_hal_flash.o
HAL_GPIO_DeInit                                   build/stm32f0xx_hal_gpio.o
                                                  build/stm32f0xx_hal_msp.o
HAL_GPIO_EXTI_Callback                            build/stm32f0xx_hal_gpio.o
HAL_GPIO_EXTI_IRQHandler                          build/stm32f0xx_hal_gpio.o
HAL_GPIO_Init                                     build/stm32f0xx_hal_gpio.o
                                                  build/stm32f0xx_hal_rcc.o
                                                  build/stm32f0xx_hal_msp.o
                                                  build/main.o
HAL_GPIO_LockPin                                  build/stm32f0xx_hal_gpio.o
HAL_GPIO_ReadPin                                  build/stm32f0xx_hal_gpio.o
                                                  build/main.o
HAL_GPIO_TogglePin                                build/stm32f0xx_hal_gpio.o
HAL_GPIO_WritePin                                 build/stm32f0xx_hal_gpio.o
HAL_GetDEVID                                      build/stm32f0xx_hal.o
HAL_GetHalVersion                                 build/stm32f0xx_hal.o
HAL_GetREVID                                      build/stm32f0xx_hal.o
HAL_GetTick                                       build/stm32f0xx_hal.o
                                                  build/stm32f0xx_hal_flash.o
                                                  build/stm32f0xx_hal_dma.o
                                                  build/stm32f0xx_hal_rcc_ex.o
                                                  build/stm32f0xx_hal_rcc.o
                                                  build/stm32f0xx_hal_i2c.o
                                                  build/stm32f0xx_hal_adc_ex.o
                                                  build/stm32f0xx_hal_adc.o
HAL_GetUIDw0                                      build/stm32f0xx_hal.o
HAL_GetUIDw1                                      build/stm32f0xx_hal.o
HAL_GetUIDw2                                      build/stm32f0xx_hal.o
HAL_I2CEx_ConfigAnalogFilter                      build/stm32f0xx_hal_i2c_ex.o
                                                  build/main.o
HAL_I2CEx_ConfigDigitalFilter                     build/stm32f0xx_hal_i2c_ex.o
                                                  build/main.o
HAL_I2CEx_DisableFastModePlus                     build/stm32f0xx_hal_i2c_ex.o
HAL_I2CEx_DisableWakeUp                           build/stm32f0xx_hal_i2c_ex.o
HAL_I2CEx_EnableFastModePlus                      build/stm32f0xx_hal_i2c_ex.o
HAL_I2CEx_EnableWakeUp                            build/stm32f0xx_hal_i2c_ex.o
HAL_I2C_AbortCpltCallback                         build/stm32f0xx_hal_i2c.o
HAL_I2C_AddrCallback                              build/stm32f0xx_hal_i2c.o
HAL_I2C_DeInit                                    build/stm32f0xx_hal_i2c.o
HAL_I2C_DisableListen_IT                          build/stm32f0xx_hal_i2c.o
HAL_I2C_ER_IRQHandler                             build/stm32f0xx_hal_i2c.o
HAL_I2C_EV_IRQHandler                             build/stm32f0xx_hal_i2c.o
HAL_I2C_EnableListen_IT                           build/stm32f0xx_hal_i2c.o
HAL_I2C_ErrorCallback                             build/stm32f0xx_hal_i2c.o
HAL_I2C_GetError                                  build/stm32f0xx_hal_i2c.o
HAL_I2C_GetMode                                   build/stm32f0xx_hal_i2c.o
HAL_I2C_GetState                                  build/stm32f0xx_hal_i2c.o
                                                  build/main.o
HAL_I2C_Init                                      build/stm32f0xx_hal_i2c.o
                                                  build/main.o
HAL_I2C_IsDeviceReady                             build/stm32f0xx_hal_i2c.o
HAL_I2C_ListenCpltCallback                        build/stm32f0xx_hal_i2c.o
HAL_I2C_MasterRxCpltCallback                      build/stm32f0xx_hal_i2c.o
HAL_I2C_MasterTxCpltCallback                      build/stm32f0xx_hal_i2c.o
HAL_I2C_Master_Abort_IT                           build/stm32f0xx_hal_i2c.o
HAL_I2C_Master_Receive                            build/stm32f0xx_hal_i2c.o
HAL_I2C_Master_Receive_DMA                        build/stm32f0xx_hal_i2c.o
HAL_I2C_Master_Receive_IT                         build/stm32f0xx_hal_i2c.o
HAL_I2C_Master_Sequential_Receive_IT              build/stm32f0xx_hal_i2c.o
HAL_I2C_Master_Sequential_Transmit_IT             build/stm32f0xx_hal_i2c.o
HAL_I2C_Master_Transmit                           build/stm32f0xx_hal_i2c.o
                                                  build/main.o
HAL_I2C_Master_Transmit_DMA                       build/stm32f0xx_hal_i2c.o
HAL_I2C_Master_Transmit_IT                        build/stm32f0xx_hal_i2c.o
HAL_I2C_MemRxCpltCallback                         build/stm32f0xx_hal_i2c.o
HAL_I2C_MemTxCpltCallback                         build/stm32f0xx_hal_i2c.o
HAL_I2C_Mem_Read                                  build/stm32f0xx_hal_i2c.o
HAL_I2C_Mem_Read_DMA                              build/stm32f0xx_hal_i2c.o
HAL_I2C_Mem_Read_IT                               build/stm32f0xx_hal_i2c.o
HAL_I2C_Mem_Write                                 build/stm32f0xx_hal_i2c.o
HAL_I2C_Mem_Write_DMA                             build/stm32f0xx_hal_i2c.o
HAL_I2C_Mem_Write_IT                              build/stm32f0xx_hal_i2c.o
HAL_I2C_MspDeInit                                 build/stm32f0xx_hal_msp.o
HAL_I2C_MspInit                                   build/stm32f0xx_hal_msp.o
HAL_I2C_SlaveRxCpltCallback                       build/stm32f0xx_hal_i2c.o
HAL_I2C_SlaveTxCpltCallback                       build/stm32f0xx_hal_i2c.o
HAL_I2C_Slave_Receive                             build/stm32f0xx_hal_i2c.o
HAL_I2C_Slave_Receive_DMA                         build/stm32f0xx_hal_i2c.o
HAL_I2C_Slave_Receive_IT                          build/stm32f0xx_hal_i2c.o
HAL_I2C_Slave_Sequential_Receive_IT               build/stm32f0xx_hal_i2c.o
HAL_I2C_Slave_Sequential_Transmit_IT              build/stm32f0xx_hal_i2c.o
HAL_I2C_Slave_Transmit                            build/stm32f0xx_hal_i2c.o
HAL_I2C_Slave_Transmit_DMA                        build/stm32f0xx_hal_i2c.o
HAL_I2C_Slave_Transmit_IT                         build/stm32f0xx_hal_i2c.o
HAL_IncTick                                       build/stm32f0xx_hal.o
                                                  build/stm32f0xx_it.o
HAL_Init                                          build/stm32f0xx_hal.o
                                                  build/main.o
HAL_InitTick                                      build/stm32f0xx_hal.o
                                                  build/stm32f0xx_hal_rcc.o
HAL_MspDeInit                                     build/stm32f0xx_hal.o
HAL_MspInit                                       build/stm32f0xx_hal_msp.o
HAL_NVIC_ClearPendingIRQ                          build/stm32f0xx_hal_cortex.o
HAL_NVIC_DisableIRQ                               build/stm32f0xx_hal_cortex.o
                                                  build/stm32f0xx_hal_msp.o
HAL_NVIC_EnableIRQ                                build/stm32f0xx_hal_cortex.o
                                                  build/stm32f0xx_hal_msp.o
                                                  build/main.o
HAL_NVIC_GetPendingIRQ                            build/stm32f0xx_hal_cortex.o
HAL_NVIC_GetPriority                              build/stm32f0xx_hal_cortex.o
HAL_NVIC_SetPendingIRQ                            build/stm32f0xx_hal_cortex.o
HAL_NVIC_SetPriority                              build/stm32f0xx_hal_cortex.o
                                                  build/stm32f0xx_hal.o
                                                  build/stm32f0xx_hal_msp.o
                                                  build/main.o
HAL_NVIC_SystemReset                              build/stm32f0xx_hal_cortex.o
HAL_PCDEx_PMAConfig                               build/stm32f0xx_hal_pcd_ex.o
HAL_PCD_ActivateRemoteWakeup                      build/stm32f0xx_hal_pcd.o
HAL_PCD_ConnectCallback                           build/stm32f0xx_hal_pcd.o
HAL_PCD_DataInStageCallback                       build/stm32f0xx_hal_pcd.o
HAL_PCD_DataOutStageCallback                      build/stm32f0xx_hal_pcd.o
HAL_PCD_DeActivateRemoteWakeup                    build/stm32f0xx_hal_pcd.o
HAL_PCD_DeInit                                    build/stm32f0xx_hal_pcd.o
HAL_PCD_DevConnect                                build/stm32f0xx_hal_pcd.o
HAL_PCD_DevDisconnect                             build/stm32f0xx_hal_pcd.o
HAL_PCD_DisconnectCallback                        build/stm32f0xx_hal_pcd.o
HAL_PCD_EP_Close                                  build/stm32f0xx_hal_pcd.o
HAL_PCD_EP_ClrStall                               build/stm32f0xx_hal_pcd.o
HAL_PCD_EP_Flush                                  build/stm32f0xx_hal_pcd.o
HAL_PCD_EP_GetRxCount                             build/stm32f0xx_hal_pcd.o
HAL_PCD_EP_Open                                   build/stm32f0xx_hal_pcd.o
HAL_PCD_EP_Receive                                build/stm32f0xx_hal_pcd.o
HAL_PCD_EP_SetStall                               build/stm32f0xx_hal_pcd.o
HAL_PCD_EP_Transmit                               build/stm32f0xx_hal_pcd.o
HAL_PCD_GetState                                  build/stm32f0xx_hal_pcd.o
HAL_PCD_IRQHandler                                build/stm32f0xx_hal_pcd.o
HAL_PCD_ISOINIncompleteCallback                   build/stm32f0xx_hal_pcd.o
HAL_PCD_ISOOUTIncompleteCallback                  build/stm32f0xx_hal_pcd.o
HAL_PCD_Init                                      build/stm32f0xx_hal_pcd.o
                                                  build/main.o
HAL_PCD_MspDeInit                                 build/stm32f0xx_hal_msp.o
HAL_PCD_MspInit                                   build/stm32f0xx_hal_msp.o
HAL_PCD_ResetCallback                             build/stm32f0xx_hal_pcd.o
HAL_PCD_ResumeCallback                            build/stm32f0xx_hal_pcd.o
HAL_PCD_SOFCallback                               build/stm32f0xx_hal_pcd.o
HAL_PCD_SetAddress                                build/stm32f0xx_hal_pcd.o
HAL_PCD_SetupStageCallback                        build/stm32f0xx_hal_pcd.o
HAL_PCD_Start                                     build/stm32f0xx_hal_pcd.o
HAL_PCD_Stop                                      build/stm32f0xx_hal_pcd.o
HAL_PCD_SuspendCallback                           build/stm32f0xx_hal_pcd.o
HAL_PWREx_DisableVddio2Monitor                    build/stm32f0xx_hal_pwr_ex.o
HAL_PWREx_EnableVddio2Monitor                     build/stm32f0xx_hal_pwr_ex.o
HAL_PWREx_Vddio2MonitorCallback                   build/stm32f0xx_hal_pwr_ex.o
HAL_PWREx_Vddio2Monitor_IRQHandler                build/stm32f0xx_hal_pwr_ex.o
HAL_PWR_ConfigPVD                                 build/stm32f0xx_hal_pwr_ex.o
HAL_PWR_DeInit                                    build/stm32f0xx_hal_pwr.o
HAL_PWR_DisableBkUpAccess                         build/stm32f0xx_hal_pwr.o
HAL_PWR_DisablePVD                                build/stm32f0xx_hal_pwr_ex.o
HAL_PWR_DisableSEVOnPend                          build/stm32f0xx_hal_pwr.o
HAL_PWR_DisableSleepOnExit                        build/stm32f0xx_hal_pwr.o
HAL_PWR_DisableWakeUpPin                          build/stm32f0xx_hal_pwr.o
HAL_PWR_EnableBkUpAccess                          build/stm32f0xx_hal_pwr.o
HAL_PWR_EnablePVD                                 build/stm32f0xx_hal_pwr_ex.o
HAL_PWR_EnableSEVOnPend                           build/stm32f0xx_hal_pwr.o
HAL_PWR_EnableSleepOnExit                         build/stm32f0xx_hal_pwr.o
HAL_PWR_EnableWakeUpPin                           build/stm32f0xx_hal_pwr.o
HAL_PWR_EnterSLEEPMode                            build/stm32f0xx_hal_pwr.o
HAL_PWR_EnterSTANDBYMode                          build/stm32f0xx_hal_pwr.o
HAL_PWR_EnterSTOPMode                             build/stm32f0xx_hal_pwr.o
HAL_PWR_PVDCallback                               build/stm32f0xx_hal_pwr_ex.o
HAL_PWR_PVD_IRQHandler                            build/stm32f0xx_hal_pwr_ex.o
HAL_RCCEx_CRSConfig                               build/stm32f0xx_hal_rcc_ex.o
HAL_RCCEx_CRSGetSynchronizationInfo               build/stm32f0xx_hal_rcc_ex.o
HAL_RCCEx_CRSSoftwareSynchronizationGenerate      build/stm32f0xx_hal_rcc_ex.o
HAL_RCCEx_CRSWaitSynchronization                  build/stm32f0xx_hal_rcc_ex.o
HAL_RCCEx_CRS_ErrorCallback                       build/stm32f0xx_hal_rcc_ex.o
HAL_RCCEx_CRS_ExpectedSyncCallback                build/stm32f0xx_hal_rcc_ex.o
HAL_RCCEx_CRS_IRQHandler                          build/stm32f0xx_hal_rcc_ex.o
HAL_RCCEx_CRS_SyncOkCallback                      build/stm32f0xx_hal_rcc_ex.o
HAL_RCCEx_CRS_SyncWarnCallback                    build/stm32f0xx_hal_rcc_ex.o
HAL_RCCEx_GetPeriphCLKConfig                      build/stm32f0xx_hal_rcc_ex.o
HAL_RCCEx_GetPeriphCLKFreq                        build/stm32f0xx_hal_rcc_ex.o
HAL_RCCEx_PeriphCLKConfig                         build/stm32f0xx_hal_rcc_ex.o
                                                  build/main.o
HAL_RCC_CSSCallback                               build/stm32f0xx_hal_rcc.o
HAL_RCC_ClockConfig                               build/stm32f0xx_hal_rcc.o
                                                  build/main.o
HAL_RCC_DeInit                                    build/stm32f0xx_hal_rcc.o
HAL_RCC_DisableCSS                                build/stm32f0xx_hal_rcc.o
HAL_RCC_EnableCSS                                 build/stm32f0xx_hal_rcc.o
HAL_RCC_GetClockConfig                            build/stm32f0xx_hal_rcc.o
HAL_RCC_GetHCLKFreq                               build/stm32f0xx_hal_rcc.o
                                                  build/stm32f0xx_hal.o
HAL_RCC_GetOscConfig                              build/stm32f0xx_hal_rcc.o
HAL_RCC_GetPCLK1Freq                              build/stm32f0xx_hal_rcc.o
                                                  build/stm32f0xx_hal_rcc_ex.o
HAL_RCC_GetSysClockFreq                           build/stm32f0xx_hal_rcc.o
                                                  build/stm32f0xx_hal_rcc_ex.o
HAL_RCC_MCOConfig                                 build/stm32f0xx_hal_rcc.o
HAL_RCC_NMI_IRQHandler                            build/stm32f0xx_hal_rcc.o
HAL_RCC_OscConfig                                 build/stm32f0xx_hal_rcc.o
                                                  build/main.o
HAL_ResumeTick                                    build/stm32f0xx_hal.o
HAL_SYSTICK_CLKSourceConfig                       build/stm32f0xx_hal_cortex.o
HAL_SYSTICK_Callback                              build/stm32f0xx_hal_cortex.o
HAL_SYSTICK_Config                                build/stm32f0xx_hal_cortex.o
                                                  build/stm32f0xx_hal.o
HAL_SYSTICK_IRQHandler                            build/stm32f0xx_hal_cortex.o
HAL_SuspendTick                                   build/stm32f0xx_hal.o
HAL_TIMEx_BreakCallback                           build/stm32f0xx_hal_tim_ex.o